Component: ARM Compiler 5.06 update 6 (build 750) Tool: armlink [4d35ed]

==============================================================================

Section Cross References

    startup_fiti_cm4.o(RESET) refers to startup_fiti_cm4.o(STACK) for __initial_sp
    startup_fiti_cm4.o(RESET) refers to startup_fiti_cm4.o(.text) for Reset_Handler
    startup_fiti_cm4.o(RESET) refers to fiti_m4_it.o(.text) for NMI_Handler
    startup_fiti_cm4.o(.text) refers to system_fiti_m4.o(.text) for SystemInit
    startup_fiti_cm4.o(.text) refers to entry.o(.ARM.Collect$$$$00000000) for __main
    system_fiti_m4.o(.text) refers to system_fiti_m4.o(.data) for .data
    system_fiti_m4.o(.text) refers to startup_fiti_cm4.o(RESET) for __Vectors
    fiti_m4_ethernet.o(.text) refers to fiti_m4_ethernet.o(.bss) for .bss
    fiti_m4_ethernet.o(.constdata) refers to fiti_m4_ethernet.o(.text) for eth_init
    fiti_m4_i2c.o(.text) refers to system_fiti_m4.o(.data) for SystemCoreClock
    app.o(.text) refers to fiti_m4_gpio.o(.text) for GPIO_Init
    main.o(.text) refers to system_fiti_m4.o(.text) for SystemInit
    main.o(.text) refers to app_if.o(.text) for UartInit
    main.o(.text) refers to printfb.o(i.__0printf$bare) for __2printf
    main.o(.text) refers to main.o(.conststring) for .conststring
    app_if.o(.text) refers to fiti_m4_uart.o(.text) for UART_Init
    app_if.o(.text) refers to printfb.o(i.__0printf$bare) for __2printf
    app_if.o(.text) refers to app.o(.text) for led_app
    malloc.o(.text) refers to malloc.o(.data) for .data
    malloc.o(.data) refers to malloc.o(.text) for mem_init
    malloc.o(.data) refers to malloc.o(.bss) for membase
    malloc.o(.data) refers to malloc.o(.bss) for memmapbase
    retarget.o(.text) refers to fiti_m4_uart.o(.text) for UART_SendChar
    basicmathfunctions.o(.text) refers to fabs.o(i.__hardfp_fabs) for __hardfp_fabs
    basicmathfunctions.o(.text) refers to dadd.o(.text) for __aeabi_dadd
    basicmathfunctions.o(.text) refers to dmul.o(.text) for __aeabi_dmul
    basicmathfunctions.o(.text) refers to llshl.o(.text) for __aeabi_llsl
    bayesfunctions.o(.text) refers to logf.o(i.__hardfp_logf) for __hardfp_logf
    bayesfunctions.o(.text) refers to statisticsfunctions.o(.text) for arm_max_f32
    commontables.o(.constdata) refers to commontables.o(.constdata) for twiddleCoefF64_16
    commontables.o(.constdata) refers to commontables.o(.constdata) for armBitRevIndexTableF64_16
    commontables.o(.constdata) refers to commontables.o(.constdata) for twiddleCoefF64_32
    commontables.o(.constdata) refers to commontables.o(.constdata) for armBitRevIndexTableF64_32
    commontables.o(.constdata) refers to commontables.o(.constdata) for twiddleCoefF64_64
    commontables.o(.constdata) refers to commontables.o(.constdata) for armBitRevIndexTableF64_64
    commontables.o(.constdata) refers to commontables.o(.constdata) for twiddleCoefF64_128
    commontables.o(.constdata) refers to commontables.o(.constdata) for armBitRevIndexTableF64_128
    commontables.o(.constdata) refers to commontables.o(.constdata) for twiddleCoefF64_256
    commontables.o(.constdata) refers to commontables.o(.constdata) for armBitRevIndexTableF64_256
    commontables.o(.constdata) refers to commontables.o(.constdata) for twiddleCoefF64_512
    commontables.o(.constdata) refers to commontables.o(.constdata) for armBitRevIndexTableF64_512
    commontables.o(.constdata) refers to commontables.o(.constdata) for twiddleCoefF64_1024
    commontables.o(.constdata) refers to commontables.o(.constdata) for armBitRevIndexTableF64_1024
    commontables.o(.constdata) refers to commontables.o(.constdata) for twiddleCoefF64_2048
    commontables.o(.constdata) refers to commontables.o(.constdata) for armBitRevIndexTableF64_2048
    commontables.o(.constdata) refers to commontables.o(.constdata) for twiddleCoefF64_4096
    commontables.o(.constdata) refers to commontables.o(.constdata) for armBitRevIndexTableF64_4096
    commontables.o(.constdata) refers to commontables.o(.constdata) for twiddleCoef_16
    commontables.o(.constdata) refers to commontables.o(.constdata) for armBitRevIndexTable16
    commontables.o(.constdata) refers to commontables.o(.constdata) for twiddleCoef_32
    commontables.o(.constdata) refers to commontables.o(.constdata) for armBitRevIndexTable32
    commontables.o(.constdata) refers to commontables.o(.constdata) for twiddleCoef_64
    commontables.o(.constdata) refers to commontables.o(.constdata) for armBitRevIndexTable64
    commontables.o(.constdata) refers to commontables.o(.constdata) for twiddleCoef_128
    commontables.o(.constdata) refers to commontables.o(.constdata) for armBitRevIndexTable128
    commontables.o(.constdata) refers to commontables.o(.constdata) for twiddleCoef_256
    commontables.o(.constdata) refers to commontables.o(.constdata) for armBitRevIndexTable256
    commontables.o(.constdata) refers to commontables.o(.constdata) for twiddleCoef_512
[...]
    Removing commontables.o(.constdata), (24 bytes).
    Removing commontables.o(.constdata), (24 bytes).
    Removing commontables.o(.constdata), (24 bytes).
    Removing commontables.o(.constdata), (24 bytes).
    Removing commontables.o(.constdata), (24 bytes).
    Removing commontables.o(.constdata), (24 bytes).
    Removing commontables.o(.constdata), (24 bytes).
    Removing commontables.o(.constdata), (24 bytes).
    Removing commontables.o(.constdata), (24 bytes).
    Removing commontables.o(.constdata), (24 bytes).
    Removing commontables.o(.constdata), (24 bytes).
    Removing commontables.o(.constdata), (24 bytes).
    Removing commontables.o(.constdata), (24 bytes).
    Removing commontables.o(.constdata), (24 bytes).
    Removing commontables.o(.constdata), (24 bytes).
    Removing commontables.o(.constdata), (24 bytes).
    Removing commontables.o(.constdata), (24 bytes).
    Removing commontables.o(.constdata), (24 bytes).
    Removing commontables.o(.constdata), (24 bytes).
    Removing commontablesf16.o(.rev16_text), (4 bytes).
    Removing commontablesf16.o(.revsh_text), (4 bytes).
    Removing commontablesf16.o(.rrx_text), (6 bytes).
    Removing complexmathfunctions.o(.rev16_text), (4 bytes).
    Removing complexmathfunctions.o(.revsh_text), (4 bytes).
    Removing complexmathfunctions.o(.rrx_text), (6 bytes).
    Removing complexmathfunctions.o(.text), (1314 bytes).
    Removing complexmathfunctionsf16.o(.rev16_text), (4 bytes).
    Removing complexmathfunctionsf16.o(.revsh_text), (4 bytes).
    Removing complexmathfunctionsf16.o(.rrx_text), (6 bytes).
    Removing controllerfunctions.o(.rev16_text), (4 bytes).
    Removing controllerfunctions.o(.revsh_text), (4 bytes).
    Removing controllerfunctions.o(.rrx_text), (6 bytes).
    Removing controllerfunctions.o(.text), (976 bytes).
    Removing distancefunctions.o(.rev16_text), (4 bytes).
    Removing distancefunctions.o(.revsh_text), (4 bytes).
    Removing distancefunctions.o(.rrx_text), (6 bytes).
    Removing distancefunctions.o(.text), (2800 bytes).
    Removing distancefunctionsf16.o(.rev16_text), (4 bytes).
    Removing distancefunctionsf16.o(.revsh_text), (4 bytes).
    Removing distancefunctionsf16.o(.rrx_text), (6 bytes).
    Removing fastmathfunctions.o(.rev16_text), (4 bytes).
    Removing fastmathfunctions.o(.revsh_text), (4 bytes).
    Removing fastmathfunctions.o(.rrx_text), (6 bytes).
    Removing fastmathfunctions.o(.text), (3576 bytes).
    Removing fastmathfunctions.o(.constdata), (112 bytes).
    Removing fastmathfunctionsf16.o(.rev16_text), (4 bytes).
    Removing fastmathfunctionsf16.o(.revsh_text), (4 bytes).
    Removing fastmathfunctionsf16.o(.rrx_text), (6 bytes).
    Removing filteringfunctions.o(.rev16_text), (4 bytes).
    Removing filteringfunctions.o(.revsh_text), (4 bytes).
    Removing filteringfunctions.o(.rrx_text), (6 bytes).
    Removing filteringfunctions.o(.text), (27120 bytes).
    Removing filteringfunctionsf16.o(.rev16_text), (4 bytes).
    Removing filteringfunctionsf16.o(.revsh_text), (4 bytes).
    Removing filteringfunctionsf16.o(.rrx_text), (6 bytes).
    Removing interpolationfunctions.o(.rev16_text), (4 bytes).
    Removing interpolationfunctions.o(.revsh_text), (4 bytes).
    Removing interpolationfunctions.o(.rrx_text), (6 bytes).
    Removing interpolationfunctions.o(.text), (1508 bytes).
    Removing interpolationfunctionsf16.o(.rev16_text), (4 bytes).
    Removing interpolationfunctionsf16.o(.revsh_text), (4 bytes).
    Removing interpolationfunctionsf16.o(.rrx_text), (6 bytes).
    Removing matrixfunctions.o(.rev16_text), (4 bytes).
    Removing matrixfunctions.o(.revsh_text), (4 bytes).
    Removing matrixfunctions.o(.rrx_text), (6 bytes).
    Removing matrixfunctions.o(.text), (8896 bytes).
    Removing matrixfunctionsf16.o(.rev16_text), (4 bytes).
    Removing matrixfunctionsf16.o(.revsh_text), (4 bytes).
    Removing matrixfunctionsf16.o(.rrx_text), (6 bytes).
    Removing quaternionmathfunctions.o(.rev16_text), (4 bytes).
    Removing quaternionmathfunctions.o(.revsh_text), (4 bytes).
    Removing quaternionmathfunctions.o(.rrx_text), (6 bytes).
    Removing quaternionmathfunctions.o(.text), (1280 bytes).
    Removing statisticsfunctions.o(.rev16_text), (4 bytes).
    Removing statisticsfunctions.o(.revsh_text), (4 bytes).
    Removing statisticsfunctions.o(.rrx_text), (6 bytes).
    Removing statisticsfunctions.o(.text), (5368 bytes).
    Removing statisticsfunctionsf16.o(.rev16_text), (4 bytes).
    Removing statisticsfunctionsf16.o(.revsh_text), (4 bytes).
    Removing statisticsfunctionsf16.o(.rrx_text), (6 bytes).
    Removing supportfunctions.o(.rev16_text), (4 bytes).
    Removing supportfunctions.o(.revsh_text), (4 bytes).
    Removing supportfunctions.o(.rrx_text), (6 bytes).
    Removing supportfunctions.o(.text), (1924 bytes).
    Removing supportfunctionsf16.o(.rev16_text), (4 bytes).
    Removing supportfunctionsf16.o(.revsh_text), (4 bytes).
    Removing supportfunctionsf16.o(.rrx_text), (6 bytes).
    Removing svmfunctions.o(.rev16_text), (4 bytes).
    Removing svmfunctions.o(.revsh_text), (4 bytes).
    Removing svmfunctions.o(.rrx_text), (6 bytes).
    Removing svmfunctions.o(.text), (604 bytes).
    Removing svmfunctionsf16.o(.rev16_text), (4 bytes).
    Removing svmfunctionsf16.o(.revsh_text), (4 bytes).
    Removing svmfunctionsf16.o(.rrx_text), (6 bytes).
    Removing transformfunctions.o(.rev16_text), (4 bytes).
    Removing transformfunctions.o(.revsh_text), (4 bytes).
    Removing transformfunctions.o(.rrx_text), (6 bytes).
    Removing transformfunctions.o(.text), (21168 bytes).
    Removing transformfunctionsf16.o(.rev16_text), (4 bytes).
    Removing transformfunctionsf16.o(.revsh_text), (4 bytes).
    Removing transformfunctionsf16.o(.rrx_text), (6 bytes).
    Removing arm_nn_activations_q7.o(.rev16_text), (4 bytes).
    Removing arm_nn_activations_q7.o(.revsh_text), (4 bytes).
    Removing arm_nn_activations_q7.o(.rrx_text), (6 bytes).
    Removing arm_nn_activations_q7.o(.text), (52 bytes).
    Removing arm_nn_activations_q15.o(.rev16_text), (4 bytes).
    Removing arm_nn_activations_q15.o(.revsh_text), (4 bytes).
    Removing arm_nn_activations_q15.o(.rrx_text), (6 bytes).
    Removing arm_nn_activations_q15.o(.text), (104 bytes).
    Removing arm_relu_q7.o(.rev16_text), (4 bytes).
    Removing arm_relu_q7.o(.revsh_text), (4 bytes).
    Removing arm_relu_q7.o(.rrx_text), (6 bytes).
    Removing arm_relu_q7.o(.text), (70 bytes).
    Removing arm_relu_q15.o(.rev16_text), (4 bytes).
    Removing arm_relu_q15.o(.revsh_text), (4 bytes).
    Removing arm_relu_q15.o(.rrx_text), (6 bytes).
    Removing arm_relu_q15.o(.text), (58 bytes).
    Removing arm_relu6_s8.o(.rev16_text), (4 bytes).
    Removing arm_relu6_s8.o(.revsh_text), (4 bytes).
    Removing arm_relu6_s8.o(.rrx_text), (6 bytes).
    Removing arm_relu6_s8.o(.text), (30 bytes).
    Removing arm_elementwise_add_s8.o(.rev16_text), (4 bytes).
    Removing arm_elementwise_add_s8.o(.revsh_text), (4 bytes).
    Removing arm_elementwise_add_s8.o(.rrx_text), (6 bytes).
    Removing arm_elementwise_add_s8.o(.text), (1628 bytes).
    Removing arm_elementwise_add_s16.o(.rev16_text), (4 bytes).
    Removing arm_elementwise_add_s16.o(.revsh_text), (4 bytes).
    Removing arm_elementwise_add_s16.o(.rrx_text), (6 bytes).
    Removing arm_elementwise_add_s16.o(.text), (320 bytes).
    Removing arm_elementwise_mul_s8.o(.rev16_text), (4 bytes).
    Removing arm_elementwise_mul_s8.o(.revsh_text), (4 bytes).
    Removing arm_elementwise_mul_s8.o(.rrx_text), (6 bytes).
    Removing arm_elementwise_mul_s8.o(.text), (722 bytes).
    Removing arm_elementwise_mul_s16.o(.rev16_text), (4 bytes).
    Removing arm_elementwise_mul_s16.o(.revsh_text), (4 bytes).
    Removing arm_elementwise_mul_s16.o(.rrx_text), (6 bytes).
    Removing arm_elementwise_mul_s16.o(.text), (146 bytes).
    Removing arm_concatenation_s8_w.o(.rev16_text), (4 bytes).
    Removing arm_concatenation_s8_w.o(.revsh_text), (4 bytes).
    Removing arm_concatenation_s8_w.o(.rrx_text), (6 bytes).
    Removing arm_concatenation_s8_w.o(.text), (30 bytes).
    Removing arm_concatenation_s8_x.o(.rev16_text), (4 bytes).
    Removing arm_concatenation_s8_x.o(.revsh_text), (4 bytes).
    Removing arm_concatenation_s8_x.o(.rrx_text), (6 bytes).
    Removing arm_concatenation_s8_x.o(.text), (52 bytes).
    Removing arm_concatenation_s8_y.o(.rev16_text), (4 bytes).
    Removing arm_concatenation_s8_y.o(.revsh_text), (4 bytes).
    Removing arm_concatenation_s8_y.o(.rrx_text), (6 bytes).
    Removing arm_concatenation_s8_y.o(.text), (58 bytes).
    Removing arm_concatenation_s8_z.o(.rev16_text), (4 bytes).
    Removing arm_concatenation_s8_z.o(.revsh_text), (4 bytes).
    Removing arm_concatenation_s8_z.o(.rrx_text), (6 bytes).
    Removing arm_concatenation_s8_z.o(.text), (56 bytes).
    Removing arm_convolve_1_x_n_s8.o(.rev16_text), (4 bytes).
    Removing arm_convolve_1_x_n_s8.o(.revsh_text), (4 bytes).
    Removing arm_convolve_1_x_n_s8.o(.rrx_text), (6 bytes).
    Removing arm_convolve_1_x_n_s8.o(.text), (86 bytes).
    Removing arm_convolve_1x1_hwc_q7_fast_nonsquare.o(.rev16_text), (4 bytes).
    Removing arm_convolve_1x1_hwc_q7_fast_nonsquare.o(.revsh_text), (4 bytes).
    Removing arm_convolve_1x1_hwc_q7_fast_nonsquare.o(.rrx_text), (6 bytes).
    Removing arm_convolve_1x1_hwc_q7_fast_nonsquare.o(.text), (318 bytes).
    Removing arm_convolve_1x1_s8_fast.o(.rev16_text), (4 bytes).
    Removing arm_convolve_1x1_s8_fast.o(.revsh_text), (4 bytes).
    Removing arm_convolve_1x1_s8_fast.o(.rrx_text), (6 bytes).
    Removing arm_convolve_1x1_s8_fast.o(.text), (122 bytes).
    Removing arm_convolve_fast_s16.o(.rev16_text), (4 bytes).
    Removing arm_convolve_fast_s16.o(.revsh_text), (4 bytes).
    Removing arm_convolve_fast_s16.o(.rrx_text), (6 bytes).
    Removing arm_convolve_fast_s16.o(.text), (760 bytes).
    Removing arm_convolve_hwc_q7_basic.o(.rev16_text), (4 bytes).
    Removing arm_convolve_hwc_q7_basic.o(.revsh_text), (4 bytes).
    Removing arm_convolve_hwc_q7_basic.o(.rrx_text), (6 bytes).
    Removing arm_convolve_hwc_q7_basic.o(.text), (378 bytes).
    Removing arm_convolve_hwc_q7_basic_nonsquare.o(.rev16_text), (4 bytes).
    Removing arm_convolve_hwc_q7_basic_nonsquare.o(.revsh_text), (4 bytes).
    Removing arm_convolve_hwc_q7_basic_nonsquare.o(.rrx_text), (6 bytes).
    Removing arm_convolve_hwc_q7_basic_nonsquare.o(.text), (374 bytes).
    Removing arm_convolve_hwc_q7_fast.o(.rev16_text), (4 bytes).
    Removing arm_convolve_hwc_q7_fast.o(.revsh_text), (4 bytes).
    Removing arm_convolve_hwc_q7_fast.o(.rrx_text), (6 bytes).
    Removing arm_convolve_hwc_q7_fast.o(.text), (1034 bytes).
    Removing arm_convolve_hwc_q7_fast_nonsquare.o(.rev16_text), (4 bytes).
    Removing arm_convolve_hwc_q7_fast_nonsquare.o(.revsh_text), (4 bytes).
    Removing arm_convolve_hwc_q7_fast_nonsquare.o(.rrx_text), (6 bytes).
    Removing arm_convolve_hwc_q7_fast_nonsquare.o(.text), (1086 bytes).
    Removing arm_convolve_hwc_q7_rgb.o(.rev16_text), (4 bytes).
    Removing arm_convolve_hwc_q7_rgb.o(.revsh_text), (4 bytes).
    Removing arm_convolve_hwc_q7_rgb.o(.rrx_text), (6 bytes).
    Removing arm_convolve_hwc_q7_rgb.o(.text), (394 bytes).
    Removing arm_convolve_hwc_q15_basic.o(.rev16_text), (4 bytes).
    Removing arm_convolve_hwc_q15_basic.o(.revsh_text), (4 bytes).
    Removing arm_convolve_hwc_q15_basic.o(.rrx_text), (6 bytes).
    Removing arm_convolve_hwc_q15_basic.o(.text), (316 bytes).
    Removing arm_convolve_hwc_q15_fast.o(.rev16_text), (4 bytes).
    Removing arm_convolve_hwc_q15_fast.o(.revsh_text), (4 bytes).
    Removing arm_convolve_hwc_q15_fast.o(.rrx_text), (6 bytes).
    Removing arm_convolve_hwc_q15_fast.o(.text), (540 bytes).
    Removing arm_convolve_hwc_q15_fast_nonsquare.o(.rev16_text), (4 bytes).
    Removing arm_convolve_hwc_q15_fast_nonsquare.o(.revsh_text), (4 bytes).
    Removing arm_convolve_hwc_q15_fast_nonsquare.o(.rrx_text), (6 bytes).
    Removing arm_convolve_hwc_q15_fast_nonsquare.o(.text), (540 bytes).
    Removing arm_convolve_s8.o(.rev16_text), (4 bytes).
    Removing arm_convolve_s8.o(.revsh_text), (4 bytes).
    Removing arm_convolve_s8.o(.rrx_text), (6 bytes).
    Removing arm_convolve_s8.o(.text), (708 bytes).
    Removing arm_convolve_s16.o(.rev16_text), (4 bytes).
    Removing arm_convolve_s16.o(.revsh_text), (4 bytes).
    Removing arm_convolve_s16.o(.rrx_text), (6 bytes).
    Removing arm_convolve_s16.o(.text), (556 bytes).
    Removing arm_convolve_wrapper_s8.o(.rev16_text), (4 bytes).
    Removing arm_convolve_wrapper_s8.o(.revsh_text), (4 bytes).
    Removing arm_convolve_wrapper_s8.o(.rrx_text), (6 bytes).
    Removing arm_convolve_wrapper_s8.o(.text), (396 bytes).
    Removing arm_convolve_wrapper_s16.o(.rev16_text), (4 bytes).
    Removing arm_convolve_wrapper_s16.o(.revsh_text), (4 bytes).
    Removing arm_convolve_wrapper_s16.o(.rrx_text), (6 bytes).
    Removing arm_convolve_wrapper_s16.o(.text), (172 bytes).
    Removing arm_depthwise_conv_3x3_s8.o(.rev16_text), (4 bytes).
    Removing arm_depthwise_conv_3x3_s8.o(.revsh_text), (4 bytes).
    Removing arm_depthwise_conv_3x3_s8.o(.rrx_text), (6 bytes).
    Removing arm_depthwise_conv_3x3_s8.o(.text), (1442 bytes).
    Removing arm_depthwise_conv_s8.o(.rev16_text), (4 bytes).
    Removing arm_depthwise_conv_s8.o(.revsh_text), (4 bytes).
    Removing arm_depthwise_conv_s8.o(.rrx_text), (6 bytes).
    Removing arm_depthwise_conv_s8.o(.text), (1752 bytes).
    Removing arm_depthwise_conv_s8_opt.o(.rev16_text), (4 bytes).
    Removing arm_depthwise_conv_s8_opt.o(.revsh_text), (4 bytes).
    Removing arm_depthwise_conv_s8_opt.o(.rrx_text), (6 bytes).
    Removing arm_depthwise_conv_s8_opt.o(.text), (1432 bytes).
    Removing arm_depthwise_conv_s16.o(.rev16_text), (4 bytes).
    Removing arm_depthwise_conv_s16.o(.revsh_text), (4 bytes).
    Removing arm_depthwise_conv_s16.o(.rrx_text), (6 bytes).
    Removing arm_depthwise_conv_s16.o(.text), (664 bytes).
    Removing arm_depthwise_conv_u8_basic_ver1.o(.rev16_text), (4 bytes).
    Removing arm_depthwise_conv_u8_basic_ver1.o(.revsh_text), (4 bytes).
    Removing arm_depthwise_conv_u8_basic_ver1.o(.rrx_text), (6 bytes).
    Removing arm_depthwise_conv_u8_basic_ver1.o(.text), (1474 bytes).
    Removing arm_depthwise_conv_wrapper_s8.o(.rev16_text), (4 bytes).
    Removing arm_depthwise_conv_wrapper_s8.o(.revsh_text), (4 bytes).
    Removing arm_depthwise_conv_wrapper_s8.o(.rrx_text), (6 bytes).
    Removing arm_depthwise_conv_wrapper_s8.o(.text), (236 bytes).
    Removing arm_depthwise_separable_conv_hwc_q7.o(.rev16_text), (4 bytes).
    Removing arm_depthwise_separable_conv_hwc_q7.o(.revsh_text), (4 bytes).
    Removing arm_depthwise_separable_conv_hwc_q7.o(.rrx_text), (6 bytes).
    Removing arm_depthwise_separable_conv_hwc_q7.o(.text), (636 bytes).
    Removing arm_depthwise_separable_conv_hwc_q7_nonsquare.o(.rev16_text), (4 bytes).
    Removing arm_depthwise_separable_conv_hwc_q7_nonsquare.o(.revsh_text), (4 bytes).
    Removing arm_depthwise_separable_conv_hwc_q7_nonsquare.o(.rrx_text), (6 bytes).
    Removing arm_depthwise_separable_conv_hwc_q7_nonsquare.o(.text), (660 bytes).
    Removing arm_nn_depthwise_conv_s8_core.o(.rev16_text), (4 bytes).
    Removing arm_nn_depthwise_conv_s8_core.o(.revsh_text), (4 bytes).
    Removing arm_nn_depthwise_conv_s8_core.o(.rrx_text), (6 bytes).
    Removing arm_nn_depthwise_conv_s8_core.o(.text), (4 bytes).
    Removing arm_nn_mat_mult_kernel_q7_q15.o(.rev16_text), (4 bytes).
    Removing arm_nn_mat_mult_kernel_q7_q15.o(.revsh_text), (4 bytes).
    Removing arm_nn_mat_mult_kernel_q7_q15.o(.rrx_text), (6 bytes).
    Removing arm_nn_mat_mult_kernel_q7_q15.o(.text), (570 bytes).
    Removing arm_nn_mat_mult_kernel_q7_q15_reordered.o(.rev16_text), (4 bytes).
    Removing arm_nn_mat_mult_kernel_q7_q15_reordered.o(.revsh_text), (4 bytes).
    Removing arm_nn_mat_mult_kernel_q7_q15_reordered.o(.rrx_text), (6 bytes).
    Removing arm_nn_mat_mult_kernel_q7_q15_reordered.o(.text), (346 bytes).
    Removing arm_nn_mat_mult_kernel_s8_s16.o(.rev16_text), (4 bytes).
    Removing arm_nn_mat_mult_kernel_s8_s16.o(.revsh_text), (4 bytes).
    Removing arm_nn_mat_mult_kernel_s8_s16.o(.rrx_text), (6 bytes).
    Removing arm_nn_mat_mult_kernel_s8_s16.o(.text), (1162 bytes).
    Removing arm_nn_mat_mult_s8.o(.rev16_text), (4 bytes).
    Removing arm_nn_mat_mult_s8.o(.revsh_text), (4 bytes).
    Removing arm_nn_mat_mult_s8.o(.rrx_text), (6 bytes).
    Removing arm_nn_mat_mult_s8.o(.text), (4 bytes).
    Removing arm_fully_connected_mat_q7_vec_q15.o(.rev16_text), (4 bytes).
    Removing arm_fully_connected_mat_q7_vec_q15.o(.revsh_text), (4 bytes).
    Removing arm_fully_connected_mat_q7_vec_q15.o(.rrx_text), (6 bytes).
    Removing arm_fully_connected_mat_q7_vec_q15.o(.text), (430 bytes).
    Removing arm_fully_connected_mat_q7_vec_q15_opt.o(.rev16_text), (4 bytes).
    Removing arm_fully_connected_mat_q7_vec_q15_opt.o(.revsh_text), (4 bytes).
    Removing arm_fully_connected_mat_q7_vec_q15_opt.o(.rrx_text), (6 bytes).
    Removing arm_fully_connected_mat_q7_vec_q15_opt.o(.text), (458 bytes).
    Removing arm_fully_connected_q7.o(.rev16_text), (4 bytes).
    Removing arm_fully_connected_q7.o(.revsh_text), (4 bytes).
    Removing arm_fully_connected_q7.o(.rrx_text), (6 bytes).
    Removing arm_fully_connected_q7.o(.text), (372 bytes).
    Removing arm_fully_connected_q7_opt.o(.rev16_text), (4 bytes).
    Removing arm_fully_connected_q7_opt.o(.revsh_text), (4 bytes).
    Removing arm_fully_connected_q7_opt.o(.rrx_text), (6 bytes).
    Removing arm_fully_connected_q7_opt.o(.text), (486 bytes).
    Removing arm_fully_connected_q15.o(.rev16_text), (4 bytes).
    Removing arm_fully_connected_q15.o(.revsh_text), (4 bytes).
    Removing arm_fully_connected_q15.o(.rrx_text), (6 bytes).
    Removing arm_fully_connected_q15.o(.text), (330 bytes).
    Removing arm_fully_connected_q15_opt.o(.rev16_text), (4 bytes).
    Removing arm_fully_connected_q15_opt.o(.revsh_text), (4 bytes).
    Removing arm_fully_connected_q15_opt.o(.rrx_text), (6 bytes).
    Removing arm_fully_connected_q15_opt.o(.text), (418 bytes).
    Removing arm_fully_connected_s8.o(.rev16_text), (4 bytes).
    Removing arm_fully_connected_s8.o(.revsh_text), (4 bytes).
    Removing arm_fully_connected_s8.o(.rrx_text), (6 bytes).
    Removing arm_fully_connected_s8.o(.text), (112 bytes).
    Removing arm_fully_connected_s16.o(.rev16_text), (4 bytes).
    Removing arm_fully_connected_s16.o(.revsh_text), (4 bytes).
    Removing arm_fully_connected_s16.o(.rrx_text), (6 bytes).
    Removing arm_fully_connected_s16.o(.text), (124 bytes).
    Removing arm_nn_accumulate_q7_to_q15.o(.rev16_text), (4 bytes).
    Removing arm_nn_accumulate_q7_to_q15.o(.revsh_text), (4 bytes).
    Removing arm_nn_accumulate_q7_to_q15.o(.rrx_text), (6 bytes).
    Removing arm_nn_accumulate_q7_to_q15.o(.text), (84 bytes).
    Removing arm_nn_add_q7.o(.rev16_text), (4 bytes).
    Removing arm_nn_add_q7.o(.revsh_text), (4 bytes).
    Removing arm_nn_add_q7.o(.rrx_text), (6 bytes).
    Removing arm_nn_add_q7.o(.text), (56 bytes).
    Removing arm_nn_depthwise_conv_nt_t_padded_s8.o(.rev16_text), (4 bytes).
    Removing arm_nn_depthwise_conv_nt_t_padded_s8.o(.revsh_text), (4 bytes).
    Removing arm_nn_depthwise_conv_nt_t_padded_s8.o(.rrx_text), (6 bytes).
    Removing arm_nn_depthwise_conv_nt_t_padded_s8.o(.text), (4 bytes).
    Removing arm_nn_depthwise_conv_nt_t_s8.o(.rev16_text), (4 bytes).
    Removing arm_nn_depthwise_conv_nt_t_s8.o(.revsh_text), (4 bytes).
    Removing arm_nn_depthwise_conv_nt_t_s8.o(.rrx_text), (6 bytes).
    Removing arm_nn_depthwise_conv_nt_t_s8.o(.text), (4 bytes).
    Removing arm_nn_mat_mul_core_1x_s8.o(.rev16_text), (4 bytes).
    Removing arm_nn_mat_mul_core_1x_s8.o(.revsh_text), (4 bytes).
    Removing arm_nn_mat_mul_core_1x_s8.o(.rrx_text), (6 bytes).
    Removing arm_nn_mat_mul_core_1x_s8.o(.text), (42 bytes).
    Removing arm_nn_mat_mul_core_4x_s8.o(.rev16_text), (4 bytes).
    Removing arm_nn_mat_mul_core_4x_s8.o(.revsh_text), (4 bytes).
    Removing arm_nn_mat_mul_core_4x_s8.o(.rrx_text), (6 bytes).
    Removing arm_nn_mat_mul_core_4x_s8.o(.text), (4 bytes).
    Removing arm_nn_mat_mul_kernel_s16.o(.rev16_text), (4 bytes).
    Removing arm_nn_mat_mul_kernel_s16.o(.revsh_text), (4 bytes).
    Removing arm_nn_mat_mul_kernel_s16.o(.rrx_text), (6 bytes).
    Removing arm_nn_mat_mul_kernel_s16.o(.text), (1464 bytes).
    Removing arm_nn_mat_mult_nt_t_s8.o(.rev16_text), (4 bytes).
    Removing arm_nn_mat_mult_nt_t_s8.o(.revsh_text), (4 bytes).
    Removing arm_nn_mat_mult_nt_t_s8.o(.rrx_text), (6 bytes).
    Removing arm_nn_mat_mult_nt_t_s8.o(.text), (1942 bytes).
    Removing arm_nn_mult_q7.o(.rev16_text), (4 bytes).
    Removing arm_nn_mult_q7.o(.revsh_text), (4 bytes).
    Removing arm_nn_mult_q7.o(.rrx_text), (6 bytes).
    Removing arm_nn_mult_q7.o(.text), (48 bytes).
    Removing arm_nn_mult_q15.o(.rev16_text), (4 bytes).
    Removing arm_nn_mult_q15.o(.revsh_text), (4 bytes).
    Removing arm_nn_mult_q15.o(.rrx_text), (6 bytes).
    Removing arm_nn_mult_q15.o(.text), (46 bytes).
    Removing arm_nn_vec_mat_mult_t_s8.o(.rev16_text), (4 bytes).
    Removing arm_nn_vec_mat_mult_t_s8.o(.revsh_text), (4 bytes).
    Removing arm_nn_vec_mat_mult_t_s8.o(.rrx_text), (6 bytes).
    Removing arm_nn_vec_mat_mult_t_s8.o(.text), (614 bytes).
    Removing arm_nn_vec_mat_mult_t_s16.o(.rev16_text), (4 bytes).
    Removing arm_nn_vec_mat_mult_t_s16.o(.revsh_text), (4 bytes).
    Removing arm_nn_vec_mat_mult_t_s16.o(.rrx_text), (6 bytes).
    Removing arm_nn_vec_mat_mult_t_s16.o(.text), (580 bytes).
    Removing arm_nn_vec_mat_mult_t_svdf_s8.o(.rev16_text), (4 bytes).
    Removing arm_nn_vec_mat_mult_t_svdf_s8.o(.revsh_text), (4 bytes).
    Removing arm_nn_vec_mat_mult_t_svdf_s8.o(.rrx_text), (6 bytes).
    Removing arm_nn_vec_mat_mult_t_svdf_s8.o(.text), (650 bytes).
    Removing arm_nntables.o(.rev16_text), (4 bytes).
    Removing arm_nntables.o(.revsh_text), (4 bytes).
    Removing arm_nntables.o(.rrx_text), (6 bytes).
    Removing arm_nntables.o(.constdata), (256 bytes).
    Removing arm_nntables.o(.constdata), (512 bytes).
    Removing arm_nntables.o(.constdata), (256 bytes).
    Removing arm_nntables.o(.constdata), (384 bytes).
    Removing arm_nntables.o(.constdata), (256 bytes).
    Removing arm_nntables.o(.constdata), (512 bytes).
    Removing arm_nntables.o(.constdata), (256 bytes).
    Removing arm_nntables.o(.constdata), (384 bytes).
    Removing arm_q7_to_q15_no_shift.o(.rev16_text), (4 bytes).
    Removing arm_q7_to_q15_no_shift.o(.revsh_text), (4 bytes).
    Removing arm_q7_to_q15_no_shift.o(.rrx_text), (6 bytes).
    Removing arm_q7_to_q15_no_shift.o(.text), (68 bytes).
    Removing arm_q7_to_q15_reordered_no_shift.o(.rev16_text), (4 bytes).
    Removing arm_q7_to_q15_reordered_no_shift.o(.revsh_text), (4 bytes).
    Removing arm_q7_to_q15_reordered_no_shift.o(.rrx_text), (6 bytes).
    Removing arm_q7_to_q15_reordered_no_shift.o(.text), (56 bytes).
    Removing arm_q7_to_q15_reordered_with_offset.o(.rev16_text), (4 bytes).
    Removing arm_q7_to_q15_reordered_with_offset.o(.revsh_text), (4 bytes).
    Removing arm_q7_to_q15_reordered_with_offset.o(.rrx_text), (6 bytes).
    Removing arm_q7_to_q15_reordered_with_offset.o(.text), (62 bytes).
    Removing arm_q7_to_q15_with_offset.o(.rev16_text), (4 bytes).
    Removing arm_q7_to_q15_with_offset.o(.revsh_text), (4 bytes).
    Removing arm_q7_to_q15_with_offset.o(.rrx_text), (6 bytes).
    Removing arm_q7_to_q15_with_offset.o(.text), (74 bytes).
    Removing arm_avgpool_s8.o(.rev16_text), (4 bytes).
    Removing arm_avgpool_s8.o(.revsh_text), (4 bytes).
    Removing arm_avgpool_s8.o(.rrx_text), (6 bytes).
    Removing arm_avgpool_s8.o(.text), (358 bytes).
    Removing arm_avgpool_s16.o(.rev16_text), (4 bytes).
    Removing arm_avgpool_s16.o(.revsh_text), (4 bytes).
    Removing arm_avgpool_s16.o(.rrx_text), (6 bytes).
    Removing arm_avgpool_s16.o(.text), (314 bytes).
    Removing arm_max_pool_s8.o(.rev16_text), (4 bytes).
    Removing arm_max_pool_s8.o(.revsh_text), (4 bytes).
    Removing arm_max_pool_s8.o(.rrx_text), (6 bytes).
    Removing arm_max_pool_s8.o(.text), (532 bytes).
    Removing arm_max_pool_s16.o(.rev16_text), (4 bytes).
    Removing arm_max_pool_s16.o(.revsh_text), (4 bytes).
    Removing arm_max_pool_s16.o(.rrx_text), (6 bytes).
    Removing arm_max_pool_s16.o(.text), (434 bytes).
    Removing arm_pool_q7_hwc.o(.rev16_text), (4 bytes).
    Removing arm_pool_q7_hwc.o(.revsh_text), (4 bytes).
    Removing arm_pool_q7_hwc.o(.rrx_text), (6 bytes).
    Removing arm_pool_q7_hwc.o(.text), (834 bytes).
    Removing arm_reshape_s8.o(.rev16_text), (4 bytes).
    Removing arm_reshape_s8.o(.revsh_text), (4 bytes).
    Removing arm_reshape_s8.o(.rrx_text), (6 bytes).
    Removing arm_reshape_s8.o(.text), (10 bytes).
    Removing arm_nn_softmax_common_s8.o(.rev16_text), (4 bytes).
    Removing arm_nn_softmax_common_s8.o(.revsh_text), (4 bytes).
    Removing arm_nn_softmax_common_s8.o(.rrx_text), (6 bytes).
    Removing arm_nn_softmax_common_s8.o(.text), (3540 bytes).
    Removing arm_softmax_q7.o(.rev16_text), (4 bytes).
    Removing arm_softmax_q7.o(.revsh_text), (4 bytes).
    Removing arm_softmax_q7.o(.rrx_text), (6 bytes).
    Removing arm_softmax_q7.o(.text), (100 bytes).
    Removing arm_softmax_q15.o(.rev16_text), (4 bytes).
    Removing arm_softmax_q15.o(.revsh_text), (4 bytes).
    Removing arm_softmax_q15.o(.rrx_text), (6 bytes).
    Removing arm_softmax_q15.o(.text), (144 bytes).
    Removing arm_softmax_s8.o(.rev16_text), (4 bytes).
    Removing arm_softmax_s8.o(.revsh_text), (4 bytes).
    Removing arm_softmax_s8.o(.rrx_text), (6 bytes).
    Removing arm_softmax_s8.o(.text), (26 bytes).
    Removing arm_softmax_s8_s16.o(.rev16_text), (4 bytes).
    Removing arm_softmax_s8_s16.o(.revsh_text), (4 bytes).
    Removing arm_softmax_s8_s16.o(.rrx_text), (6 bytes).
    Removing arm_softmax_s8_s16.o(.text), (26 bytes).
    Removing arm_softmax_s16.o(.rev16_text), (4 bytes).
    Removing arm_softmax_s16.o(.revsh_text), (4 bytes).
    Removing arm_softmax_s16.o(.rrx_text), (6 bytes).
    Removing arm_softmax_s16.o(.text), (360 bytes).
    Removing arm_softmax_u8.o(.rev16_text), (4 bytes).
    Removing arm_softmax_u8.o(.revsh_text), (4 bytes).
    Removing arm_softmax_u8.o(.rrx_text), (6 bytes).
    Removing arm_softmax_u8.o(.text), (2552 bytes).
    Removing arm_softmax_with_batch_q7.o(.rev16_text), (4 bytes).
    Removing arm_softmax_with_batch_q7.o(.revsh_text), (4 bytes).
    Removing arm_softmax_with_batch_q7.o(.rrx_text), (6 bytes).
    Removing arm_softmax_with_batch_q7.o(.text), (40 bytes).
    Removing arm_svdf_s8.o(.rev16_text), (4 bytes).
    Removing arm_svdf_s8.o(.revsh_text), (4 bytes).
    Removing arm_svdf_s8.o(.rrx_text), (6 bytes).
    Removing arm_svdf_s8.o(.text), (942 bytes).
    Removing arm_svdf_state_s16_s8.o(.rev16_text), (4 bytes).
    Removing arm_svdf_state_s16_s8.o(.revsh_text), (4 bytes).
    Removing arm_svdf_state_s16_s8.o(.rrx_text), (6 bytes).
    Removing arm_svdf_state_s16_s8.o(.text), (898 bytes).
    Removing dadd.o(.text), (334 bytes).
    Removing dmul.o(.text), (228 bytes).
    Removing ddiv.o(.text), (222 bytes).
    Removing dneg.o(.text), (6 bytes).
    Removing dfltui.o(.text), (26 bytes).
    Removing ffixl.o(.text), (66 bytes).
    Removing cdcmple.o(.text), (48 bytes).
    Removing cdrcmple.o(.text), (48 bytes).
    Removing d2f.o(.text), (56 bytes).
    Removing fepilogue.o(.text), (110 bytes).
    Removing depilogue.o(.text), (186 bytes).
    Removing dsqrt.o(.text), (162 bytes).
    Removing dflti.o(.text), (34 bytes).
    Removing dfixi.o(.text), (62 bytes).
    Removing dfixul.o(.text), (48 bytes).
    Removing fpstat.o(.text), (4 bytes).

721 unused section(s) (total 1056676 bytes) removed from the image.

==============================================================================

Image Symbol Table

    Local Symbols

    Symbol Name                              Value     Ov Type        Size  Object(Section)

    RESET                                    0x00000000   Section      960  startup_fiti_cm4.o(RESET)
    ../clib/microlib/division.c              0x00000000   Number         0  uldiv.o ABSOLUTE
    ../clib/microlib/division.c              0x00000000   Number         0  uidiv.o ABSOLUTE
    ../clib/microlib/division.c              0x00000000   Number         0  ldiv.o ABSOLUTE
    ../clib/microlib/errno.c                 0x00000000   Number         0  errno.o ABSOLUTE
    ../clib/microlib/init/entry.s            0x00000000   Number         0  entry8b.o ABSOLUTE
    ../clib/microlib/init/entry.s            0x00000000   Number         0  entry.o ABSOLUTE
    ../clib/microlib/init/entry.s            0x00000000   Number         0  entry9b.o ABSOLUTE
    ../clib/microlib/init/entry.s            0x00000000   Number         0  entry11b.o ABSOLUTE
    ../clib/microlib/init/entry.s            0x00000000   Number         0  entry9a.o ABSOLUTE
    ../clib/microlib/init/entry.s            0x00000000   Number         0  entry10b.o ABSOLUTE
    ../clib/microlib/init/entry.s            0x00000000   Number         0  entry11a.o ABSOLUTE
    ../clib/microlib/init/entry.s            0x00000000   Number         0  entry10a.o ABSOLUTE
    ../clib/microlib/init/entry.s            0x00000000   Number         0  entry5.o ABSOLUTE
    ../clib/microlib/init/entry.s            0x00000000   Number         0  entry8a.o ABSOLUTE
    ../clib/microlib/init/entry.s            0x00000000   Number         0  entry7b.o ABSOLUTE
    ../clib/microlib/init/entry.s            0x00000000   Number         0  entry2.o ABSOLUTE
    ../clib/microlib/init/entry.s            0x00000000   Number         0  entry7a.o ABSOLUTE
    ../clib/microlib/longlong.c              0x00000000   Number         0  llshl.o ABSOLUTE
    ../clib/microlib/longlong.c              0x00000000   Number         0  llsshr.o ABSOLUTE
    ../clib/microlib/longlong.c              0x00000000   Number         0  llushr.o ABSOLUTE
    ../clib/microlib/printf/printf.c         0x00000000   Number         0  printf0.o ABSOLUTE
    ../clib/microlib/printf/printf.c         0x00000000   Number         0  printfb.o ABSOLUTE
    ../clib/microlib/printf/printf.c         0x00000000   Number         0  printf5.o ABSOLUTE
    ../clib/microlib/printf/printf.c         0x00000000   Number         0  printf4.o ABSOLUTE
    ../clib/microlib/printf/printf.c         0x00000000   Number         0  printf3.o ABSOLUTE
    ../clib/microlib/printf/printf.c         0x00000000   Number         0  printf2.o ABSOLUTE
    ../clib/microlib/printf/printf.c         0x00000000   Number         0  printf6.o ABSOLUTE
    ../clib/microlib/printf/printf.c         0x00000000   Number         0  printf1.o ABSOLUTE
    ../clib/microlib/printf/printf.c         0x00000000   Number         0  printf7.o ABSOLUTE
    ../clib/microlib/printf/printf.c         0x00000000   Number         0  printf8.o ABSOLUTE
    ../clib/microlib/printf/printf.c         0x00000000   Number         0  printfa.o ABSOLUTE
    ../clib/microlib/string/memcpy.c         0x00000000   Number         0  memcpya.o ABSOLUTE
    ../clib/microlib/string/memcpy.c         0x00000000   Number         0  memmovea.o ABSOLUTE
    ../clib/microlib/string/memcpy.c         0x00000000   Number         0  memcpyb.o ABSOLUTE
    ../clib/microlib/string/memcpy.c         0x00000000   Number         0  memmoveb.o ABSOLUTE
    ../clib/microlib/string/memset.c         0x00000000   Number         0  memseta.o ABSOLUTE
    ../clib/microlib/stubs.s                 0x00000000   Number         0  useno.o ABSOLUTE
    ../clib/microlib/stubs.s                 0x00000000   Number         0  iusefp.o ABSOLUTE
    ../fplib/microlib/d2f.c                  0x00000000   Number         0  d2f.o ABSOLUTE
    ../fplib/microlib/fpadd.c                0x00000000   Number         0  dadd.o ABSOLUTE
    ../fplib/microlib/fpdiv.c                0x00000000   Number         0  ddiv.o ABSOLUTE
    ../fplib/microlib/fpepilogue.c           0x00000000   Number         0  fepilogue.o ABSOLUTE
    ../fplib/microlib/fpepilogue.c           0x00000000   Number         0  depilogue.o ABSOLUTE
    ../fplib/microlib/fpfix.c                0x00000000   Number         0  dfixul.o ABSOLUTE
    ../fplib/microlib/fpfix.c                0x00000000   Number         0  ffixl.o ABSOLUTE
    ../fplib/microlib/fpfix.c                0x00000000   Number         0  dfixi.o ABSOLUTE
    ../fplib/microlib/fpflt.c                0x00000000   Number         0  dflti.o ABSOLUTE
    ../fplib/microlib/fpflt.c                0x00000000   Number         0  dfltui.o ABSOLUTE
    ../fplib/microlib/fpmul.c                0x00000000   Number         0  dmul.o ABSOLUTE
    ../fplib/microlib/fpneg.c                0x00000000   Number         0  dneg.o ABSOLUTE
    ../fplib/microlib/fpsqrt.c               0x00000000   Number         0  dsqrt.o ABSOLUTE
    ../fplib/microlib/fpstat.c               0x00000000   Number         0  fpstat.o ABSOLUTE
    ../mathlib/dunder.c                      0x00000000   Number         0  dunder.o ABSOLUTE
    ../mathlib/exp.c                         0x00000000   Number         0  exp.o ABSOLUTE
    ../mathlib/exp.c                         0x00000000   Number         0  exp_x.o ABSOLUTE
    ../mathlib/expf.c                        0x00000000   Number         0  expf_x.o ABSOLUTE
    ../mathlib/expf.c                        0x00000000   Number         0  expf.o ABSOLUTE
    ../mathlib/fabs.c                        0x00000000   Number         0  fabs.o ABSOLUTE
    ../mathlib/fpclassify.c                  0x00000000   Number         0  fpclassify.o ABSOLUTE
    ../mathlib/fpclassifyf.c                 0x00000000   Number         0  fpclassifyf.o ABSOLUTE
    ../mathlib/funder.c                      0x00000000   Number         0  funder.o ABSOLUTE
    ../mathlib/log.c                         0x00000000   Number         0  log.o ABSOLUTE
    ../mathlib/log.c                         0x00000000   Number         0  log_x.o ABSOLUTE
    ../mathlib/logf.c                        0x00000000   Number         0  logf.o ABSOLUTE
    ../mathlib/logf.c                        0x00000000   Number         0  logf_x.o ABSOLUTE
    ../mathlib/poly.c                        0x00000000   Number         0  poly.o ABSOLUTE
    ../mathlib/powf.c                        0x00000000   Number         0  powf_x.o ABSOLUTE
    ../mathlib/powf.c                        0x00000000   Number         0  powf.o ABSOLUTE
    ../mathlib/qnan.c                        0x00000000   Number         0  qnan.o ABSOLUTE
    ../mathlib/sqrt.c                        0x00000000   Number         0  sqrt_x.o ABSOLUTE
    ../mathlib/sqrt.c                        0x00000000   Number         0  sqrt.o ABSOLUTE
    ../mathlib/sqrtf.c                       0x00000000   Number         0  sqrtf.o ABSOLUTE
    ../mathlib/sqrtf.c                       0x00000000   Number         0  sqrtf_x.o ABSOLUTE
    ../mathlib/tanhf.c                       0x00000000   Number         0  tanhf.o ABSOLUTE
    ../mathlib/tanhf.c                       0x00000000   Number         0  tanhf_x.o ABSOLUTE
    ..\APP\app.c                             0x00000000   Number         0  app.o ABSOLUTE
    ..\CMSIS\DSP\src\BasicMathFunctions\BasicMathFunctions.c 0x00000000   Number         0  basicmathfunctions.o ABSOLUTE
    ..\CMSIS\DSP\src\BasicMathFunctions\BasicMathFunctionsF16.c 0x00000000   Number         0  basicmathfunctionsf16.o ABSOLUTE
    ..\CMSIS\DSP\src\BayesFunctions\BayesFunctions.c 0x00000000   Number         0  bayesfunctions.o ABSOLUTE
    ..\CMSIS\DSP\src\BayesFunctions\BayesFunctionsF16.c 0x00000000   Number         0  bayesfunctionsf16.o ABSOLUTE
    ..\CMSIS\DSP\src\CommonTables\CommonTables.c 0x00000000   Number         0  commontables.o ABSOLUTE
    ..\CMSIS\DSP\src\CommonTables\CommonTablesF16.c 0x00000000   Number         0  commontablesf16.o ABSOLUTE
    ..\CMSIS\DSP\src\ComplexMathFunctions\ComplexMathFunctions.c 0x00000000   Number         0  complexmathfunctions.o ABSOLUTE
    ..\CMSIS\DSP\src\ComplexMathFunctions\ComplexMathFunctionsF16.c 0x00000000   Number         0  complexmathfunctionsf16.o ABSOLUTE
    ..\CMSIS\DSP\src\ControllerFunctions\ControllerFunctions.c 0x00000000   Number         0  controllerfunctions.o ABSOLUTE
    ..\CMSIS\DSP\src\DistanceFunctions\DistanceFunctions.c 0x00000000   Number         0  distancefunctions.o ABSOLUTE
    ..\CMSIS\DSP\src\DistanceFunctions\DistanceFunctionsF16.c 0x00000000   Number         0  distancefunctionsf16.o ABSOLUTE
    ..\CMSIS\DSP\src\FastMathFunctions\FastMathFunctions.c 0x00000000   Number         0  fastmathfunctions.o ABSOLUTE
    ..\CMSIS\DSP\src\FastMathFunctions\FastMathFunctionsF16.c 0x00000000   Number         0  fastmathfunctionsf16.o ABSOLUTE
    ..\CMSIS\DSP\src\FilteringFunctions\FilteringFunctions.c 0x00000000   Number         0  filteringfunctions.o ABSOLUTE
    ..\CMSIS\DSP\src\FilteringFunctions\FilteringFunctionsF16.c 0x00000000   Number         0  filteringfunctionsf16.o ABSOLUTE
    ..\CMSIS\DSP\src\InterpolationFunctions\InterpolationFunctions.c 0x00000000   Number         0  interpolationfunctions.o ABSOLUTE
    ..\CMSIS\DSP\src\InterpolationFunctions\InterpolationFunctionsF16.c 0x00000000   Number         0  interpolationfunctionsf16.o ABSOLUTE
    ..\CMSIS\DSP\src\MatrixFunctions\MatrixFunctions.c 0x00000000   Number         0  matrixfunctions.o ABSOLUTE
    ..\CMSIS\DSP\src\MatrixFunctions\MatrixFunctionsF16.c 0x00000000   Number         0  matrixfunctionsf16.o ABSOLUTE
    ..\CMSIS\DSP\src\QuaternionMathFunctions\QuaternionMathFunctions.c 0x00000000   Number         0  quaternionmathfunctions.o ABSOLUTE
    ..\CMSIS\DSP\src\SVMFunctions\SVMFunctions.c 0x00000000   Number         0  svmfunctions.o ABSOLUTE
    ..\CMSIS\DSP\src\SVMFunctions\SVMFunctionsF16.c 0x00000000   Number         0  svmfunctionsf16.o ABSOLUTE
    ..\CMSIS\DSP\src\StatisticsFunctions\StatisticsFunctions.c 0x00000000   Number         0  statisticsfunctions.o ABSOLUTE
    ..\CMSIS\DSP\src\StatisticsFunctions\StatisticsFunctionsF16.c 0x00000000   Number         0  statisticsfunctionsf16.o ABSOLUTE
    ..\CMSIS\DSP\src\SupportFunctions\SupportFunctions.c 0x00000000   Number         0  supportfunctions.o ABSOLUTE
    ..\CMSIS\DSP\src\SupportFunctions\SupportFunctionsF16.c 0x00000000   Number         0  supportfunctionsf16.o ABSOLUTE
    ..\CMSIS\DSP\src\TransformFunctions\TransformFunctions.c 0x00000000   Number         0  transformfunctions.o ABSOLUTE
    ..\CMSIS\DSP\src\TransformFunctions\TransformFunctionsF16.c 0x00000000   Number         0  transformfunctionsf16.o ABSOLUTE
    ..\CMSIS\NN\src\ActivationFunctions\arm_nn_activations_q15.c 0x00000000   Number         0  arm_nn_activations_q15.o ABSOLUTE
    ..\CMSIS\NN\src\ActivationFunctions\arm_nn_activations_q7.c 0x00000000   Number         0  arm_nn_activations_q7.o ABSOLUTE
    ..\CMSIS\NN\src\ActivationFunctions\arm_relu6_s8.c 0x00000000   Number         0  arm_relu6_s8.o ABSOLUTE
    ..\CMSIS\NN\src\ActivationFunctions\arm_relu_q15.c 0x00000000   Number         0  arm_relu_q15.o ABSOLUTE
    ..\CMSIS\NN\src\ActivationFunctions\arm_relu_q7.c 0x00000000   Number         0  arm_relu_q7.o ABSOLUTE
    ..\CMSIS\NN\src\BasicMathFunctions\arm_elementwise_add_s16.c 0x00000000   Number         0  arm_elementwise_add_s16.o ABSOLUTE
    ..\CMSIS\NN\src\BasicMathFunctions\arm_elementwise_add_s8.c 0x00000000   Number         0  arm_elementwise_add_s8.o ABSOLUTE
    ..\CMSIS\NN\src\BasicMathFunctions\arm_elementwise_mul_s16.c 0x00000000   Number         0  arm_elementwise_mul_s16.o ABSOLUTE
    ..\CMSIS\NN\src\BasicMathFunctions\arm_elementwise_mul_s8.c 0x00000000   Number         0  arm_elementwise_mul_s8.o ABSOLUTE
    ..\CMSIS\NN\src\ConcatenationFunctions\arm_concatenation_s8_w.c 0x00000000   Number         0  arm_concatenation_s8_w.o ABSOLUTE
    ..\CMSIS\NN\src\ConcatenationFunctions\arm_concatenation_s8_x.c 0x00000000   Number         0  arm_concatenation_s8_x.o ABSOLUTE
    ..\CMSIS\NN\src\ConcatenationFunctions\arm_concatenation_s8_y.c 0x00000000   Number         0  arm_concatenation_s8_y.o ABSOLUTE
    ..\CMSIS\NN\src\ConcatenationFunctions\arm_concatenation_s8_z.c 0x00000000   Number         0  arm_concatenation_s8_z.o ABSOLUTE
    ..\CMSIS\NN\src\ConvolutionFunctions\arm_convolve_1_x_n_s8.c 0x00000000   Number         0  arm_convolve_1_x_n_s8.o ABSOLUTE
    ..\CMSIS\NN\src\ConvolutionFunctions\arm_convolve_1x1_HWC_q7_fast_nonsquare.c 0x00000000   Number         0  arm_convolve_1x1_hwc_q7_fast_nonsquare.o ABSOLUTE
    ..\CMSIS\NN\src\ConvolutionFunctions\arm_convolve_1x1_s8_fast.c 0x00000000   Number         0  arm_convolve_1x1_s8_fast.o ABSOLUTE
    ..\CMSIS\NN\src\ConvolutionFunctions\arm_convolve_HWC_q15_basic.c 0x00000000   Number         0  arm_convolve_hwc_q15_basic.o ABSOLUTE
    ..\CMSIS\NN\src\ConvolutionFunctions\arm_convolve_HWC_q15_fast.c 0x00000000   Number         0  arm_convolve_hwc_q15_fast.o ABSOLUTE
    ..\CMSIS\NN\src\ConvolutionFunctions\arm_convolve_HWC_q15_fast_nonsquare.c 0x00000000   Number         0  arm_convolve_hwc_q15_fast_nonsquare.o ABSOLUTE
    ..\CMSIS\NN\src\ConvolutionFunctions\arm_convolve_HWC_q7_RGB.c 0x00000000   Number         0  arm_convolve_hwc_q7_rgb.o ABSOLUTE
    ..\CMSIS\NN\src\ConvolutionFunctions\arm_convolve_HWC_q7_basic.c 0x00000000   Number         0  arm_convolve_hwc_q7_basic.o ABSOLUTE
    ..\CMSIS\NN\src\ConvolutionFunctions\arm_convolve_HWC_q7_basic_nonsquare.c 0x00000000   Number         0  arm_convolve_hwc_q7_basic_nonsquare.o ABSOLUTE
    ..\CMSIS\NN\src\ConvolutionFunctions\arm_convolve_HWC_q7_fast.c 0x00000000   Number         0  arm_convolve_hwc_q7_fast.o ABSOLUTE
    ..\CMSIS\NN\src\ConvolutionFunctions\arm_convolve_HWC_q7_fast_nonsquare.c 0x00000000   Number         0  arm_convolve_hwc_q7_fast_nonsquare.o ABSOLUTE
    ..\CMSIS\NN\src\ConvolutionFunctions\arm_convolve_fast_s16.c 0x00000000   Number         0  arm_convolve_fast_s16.o ABSOLUTE
    ..\CMSIS\NN\src\ConvolutionFunctions\arm_convolve_s16.c 0x00000000   Number         0  arm_convolve_s16.o ABSOLUTE
    ..\CMSIS\NN\src\ConvolutionFunctions\arm_convolve_s8.c 0x00000000   Number         0  arm_convolve_s8.o ABSOLUTE
    ..\CMSIS\NN\src\ConvolutionFunctions\arm_convolve_wrapper_s16.c 0x00000000   Number         0  arm_convolve_wrapper_s16.o ABSOLUTE
    ..\CMSIS\NN\src\ConvolutionFunctions\arm_convolve_wrapper_s8.c 0x00000000   Number         0  arm_convolve_wrapper_s8.o ABSOLUTE
    ..\CMSIS\NN\src\ConvolutionFunctions\arm_depthwise_conv_3x3_s8.c 0x00000000   Number         0  arm_depthwise_conv_3x3_s8.o ABSOLUTE
    ..\CMSIS\NN\src\ConvolutionFunctions\arm_depthwise_conv_s16.c 0x00000000   Number         0  arm_depthwise_conv_s16.o ABSOLUTE
    ..\CMSIS\NN\src\ConvolutionFunctions\arm_depthwise_conv_s8.c 0x00000000   Number         0  arm_depthwise_conv_s8.o ABSOLUTE
    ..\CMSIS\NN\src\ConvolutionFunctions\arm_depthwise_conv_s8_opt.c 0x00000000   Number         0  arm_depthwise_conv_s8_opt.o ABSOLUTE
    ..\CMSIS\NN\src\ConvolutionFunctions\arm_depthwise_conv_u8_basic_ver1.c 0x00000000   Number         0  arm_depthwise_conv_u8_basic_ver1.o ABSOLUTE
    ..\CMSIS\NN\src\ConvolutionFunctions\arm_depthwise_conv_wrapper_s8.c 0x00000000   Number         0  arm_depthwise_conv_wrapper_s8.o ABSOLUTE
    ..\CMSIS\NN\src\ConvolutionFunctions\arm_depthwise_separable_conv_HWC_q7.c 0x00000000   Number         0  arm_depthwise_separable_conv_hwc_q7.o ABSOLUTE
    ..\CMSIS\NN\src\ConvolutionFunctions\arm_depthwise_separable_conv_HWC_q7_nonsquare.c 0x00000000   Number         0  arm_depthwise_separable_conv_hwc_q7_nonsquare.o ABSOLUTE
    ..\CMSIS\NN\src\ConvolutionFunctions\arm_nn_depthwise_conv_s8_core.c 0x00000000   Number         0  arm_nn_depthwise_conv_s8_core.o ABSOLUTE
    ..\CMSIS\NN\src\ConvolutionFunctions\arm_nn_mat_mult_kernel_q7_q15.c 0x00000000   Number         0  arm_nn_mat_mult_kernel_q7_q15.o ABSOLUTE
    ..\CMSIS\NN\src\ConvolutionFunctions\arm_nn_mat_mult_kernel_q7_q15_reordered.c 0x00000000   Number         0  arm_nn_mat_mult_kernel_q7_q15_reordered.o ABSOLUTE
    ..\CMSIS\NN\src\ConvolutionFunctions\arm_nn_mat_mult_kernel_s8_s16.c 0x00000000   Number         0  arm_nn_mat_mult_kernel_s8_s16.o ABSOLUTE
    ..\CMSIS\NN\src\ConvolutionFunctions\arm_nn_mat_mult_s8.c 0x00000000   Number         0  arm_nn_mat_mult_s8.o ABSOLUTE
    ..\CMSIS\NN\src\FullyConnectedFunctions\arm_fully_connected_mat_q7_vec_q15.c 0x00000000   Number         0  arm_fully_connected_mat_q7_vec_q15.o ABSOLUTE
    ..\CMSIS\NN\src\FullyConnectedFunctions\arm_fully_connected_mat_q7_vec_q15_opt.c 0x00000000   Number         0  arm_fully_connected_mat_q7_vec_q15_opt.o ABSOLUTE
    ..\CMSIS\NN\src\FullyConnectedFunctions\arm_fully_connected_q15.c 0x00000000   Number         0  arm_fully_connected_q15.o ABSOLUTE
    ..\CMSIS\NN\src\FullyConnectedFunctions\arm_fully_connected_q15_opt.c 0x00000000   Number         0  arm_fully_connected_q15_opt.o ABSOLUTE
    ..\CMSIS\NN\src\FullyConnectedFunctions\arm_fully_connected_q7.c 0x00000000   Number         0  arm_fully_connected_q7.o ABSOLUTE
    ..\CMSIS\NN\src\FullyConnectedFunctions\arm_fully_connected_q7_opt.c 0x00000000   Number         0  arm_fully_connected_q7_opt.o ABSOLUTE
    ..\CMSIS\NN\src\FullyConnectedFunctions\arm_fully_connected_s16.c 0x00000000   Number         0  arm_fully_connected_s16.o ABSOLUTE
    ..\CMSIS\NN\src\FullyConnectedFunctions\arm_fully_connected_s8.c 0x00000000   Number         0  arm_fully_connected_s8.o ABSOLUTE
    ..\CMSIS\NN\src\NNSupportFunctions\arm_nn_accumulate_q7_to_q15.c 0x00000000   Number         0  arm_nn_accumulate_q7_to_q15.o ABSOLUTE
    ..\CMSIS\NN\src\NNSupportFunctions\arm_nn_add_q7.c 0x00000000   Number         0  arm_nn_add_q7.o ABSOLUTE
    ..\CMSIS\NN\src\NNSupportFunctions\arm_nn_depthwise_conv_nt_t_padded_s8.c 0x00000000   Number         0  arm_nn_depthwise_conv_nt_t_padded_s8.o ABSOLUTE
    ..\CMSIS\NN\src\NNSupportFunctions\arm_nn_depthwise_conv_nt_t_s8.c 0x00000000   Number         0  arm_nn_depthwise_conv_nt_t_s8.o ABSOLUTE
    ..\CMSIS\NN\src\NNSupportFunctions\arm_nn_mat_mul_core_1x_s8.c 0x00000000   Number         0  arm_nn_mat_mul_core_1x_s8.o ABSOLUTE
    ..\CMSIS\NN\src\NNSupportFunctions\arm_nn_mat_mul_core_4x_s8.c 0x00000000   Number         0  arm_nn_mat_mul_core_4x_s8.o ABSOLUTE
    ..\CMSIS\NN\src\NNSupportFunctions\arm_nn_mat_mul_kernel_s16.c 0x00000000   Number         0  arm_nn_mat_mul_kernel_s16.o ABSOLUTE
    ..\CMSIS\NN\src\NNSupportFunctions\arm_nn_mat_mult_nt_t_s8.c 0x00000000   Number         0  arm_nn_mat_mult_nt_t_s8.o ABSOLUTE
    ..\CMSIS\NN\src\NNSupportFunctions\arm_nn_mult_q15.c 0x00000000   Number         0  arm_nn_mult_q15.o ABSOLUTE
    ..\CMSIS\NN\src\NNSupportFunctions\arm_nn_mult_q7.c 0x00000000   Number         0  arm_nn_mult_q7.o ABSOLUTE
    ..\CMSIS\NN\src\NNSupportFunctions\arm_nn_vec_mat_mult_t_s16.c 0x00000000   Number         0  arm_nn_vec_mat_mult_t_s16.o ABSOLUTE
    ..\CMSIS\NN\src\NNSupportFunctions\arm_nn_vec_mat_mult_t_s8.c 0x00000000   Number         0  arm_nn_vec_mat_mult_t_s8.o ABSOLUTE
    ..\CMSIS\NN\src\NNSupportFunctions\arm_nn_vec_mat_mult_t_svdf_s8.c 0x00000000   Number         0  arm_nn_vec_mat_mult_t_svdf_s8.o ABSOLUTE
    ..\CMSIS\NN\src\NNSupportFunctions\arm_nntables.c 0x00000000   Number         0  arm_nntables.o ABSOLUTE
    ..\CMSIS\NN\src\NNSupportFunctions\arm_q7_to_q15_no_shift.c 0x00000000   Number         0  arm_q7_to_q15_no_shift.o ABSOLUTE
    ..\CMSIS\NN\src\NNSupportFunctions\arm_q7_to_q15_reordered_no_shift.c 0x00000000   Number         0  arm_q7_to_q15_reordered_no_shift.o ABSOLUTE
    ..\CMSIS\NN\src\NNSupportFunctions\arm_q7_to_q15_reordered_with_offset.c 0x00000000   Number         0  arm_q7_to_q15_reordered_with_offset.o ABSOLUTE
    ..\CMSIS\NN\src\NNSupportFunctions\arm_q7_to_q15_with_offset.c 0x00000000   Number         0  arm_q7_to_q15_with_offset.o ABSOLUTE
    ..\CMSIS\NN\src\PoolingFunctions\arm_avgpool_s16.c 0x00000000   Number         0  arm_avgpool_s16.o ABSOLUTE
    ..\CMSIS\NN\src\PoolingFunctions\arm_avgpool_s8.c 0x00000000   Number         0  arm_avgpool_s8.o ABSOLUTE
    ..\CMSIS\NN\src\PoolingFunctions\arm_max_pool_s16.c 0x00000000   Number         0  arm_max_pool_s16.o ABSOLUTE
    ..\CMSIS\NN\src\PoolingFunctions\arm_max_pool_s8.c 0x00000000   Number         0  arm_max_pool_s8.o ABSOLUTE
    ..\CMSIS\NN\src\PoolingFunctions\arm_pool_q7_HWC.c 0x00000000   Number         0  arm_pool_q7_hwc.o ABSOLUTE
    ..\CMSIS\NN\src\ReshapeFunctions\arm_reshape_s8.c 0x00000000   Number         0  arm_reshape_s8.o ABSOLUTE
    ..\CMSIS\NN\src\SVDFunctions\arm_svdf_s8.c 0x00000000   Number         0  arm_svdf_s8.o ABSOLUTE
    ..\CMSIS\NN\src\SVDFunctions\arm_svdf_state_s16_s8.c 0x00000000   Number         0  arm_svdf_state_s16_s8.o ABSOLUTE
    ..\CMSIS\NN\src\SoftmaxFunctions\arm_nn_softmax_common_s8.c 0x00000000   Number         0  arm_nn_softmax_common_s8.o ABSOLUTE
    ..\CMSIS\NN\src\SoftmaxFunctions\arm_softmax_q15.c 0x00000000   Number         0  arm_softmax_q15.o ABSOLUTE
    ..\CMSIS\NN\src\SoftmaxFunctions\arm_softmax_q7.c 0x00000000   Number         0  arm_softmax_q7.o ABSOLUTE
    ..\CMSIS\NN\src\SoftmaxFunctions\arm_softmax_s16.c 0x00000000   Number         0  arm_softmax_s16.o ABSOLUTE
    ..\CMSIS\NN\src\SoftmaxFunctions\arm_softmax_s8.c 0x00000000   Number         0  arm_softmax_s8.o ABSOLUTE
    ..\CMSIS\NN\src\SoftmaxFunctions\arm_softmax_s8_s16.c 0x00000000   Number         0  arm_softmax_s8_s16.o ABSOLUTE
    ..\CMSIS\NN\src\SoftmaxFunctions\arm_softmax_u8.c 0x00000000   Number         0  arm_softmax_u8.o ABSOLUTE
    ..\CMSIS\NN\src\SoftmaxFunctions\arm_softmax_with_batch_q7.c 0x00000000   Number         0  arm_softmax_with_batch_q7.o ABSOLUTE
    ..\CORE\core_cm4.c                       0x00000000   Number         0  core_cm4.o ABSOLUTE
    ..\PERIPHERALS\Sources\FITI_M4_ddr3.c    0x00000000   Number         0  fiti_m4_ddr3.o ABSOLUTE
    ..\PERIPHERALS\Sources\FITI_M4_ethernet.c 0x00000000   Number         0  fiti_m4_ethernet.o ABSOLUTE
    ..\PERIPHERALS\Sources\FITI_M4_gpio.c    0x00000000   Number         0  fiti_m4_gpio.o ABSOLUTE
    ..\PERIPHERALS\Sources\FITI_M4_i2c.c     0x00000000   Number         0  fiti_m4_i2c.o ABSOLUTE
    ..\PERIPHERALS\Sources\FITI_M4_misc.c    0x00000000   Number         0  fiti_m4_misc.o ABSOLUTE
    ..\PERIPHERALS\Sources\FITI_M4_rtc.c     0x00000000   Number         0  fiti_m4_rtc.o ABSOLUTE
    ..\PERIPHERALS\Sources\FITI_M4_spi.c     0x00000000   Number         0  fiti_m4_spi.o ABSOLUTE
    ..\PERIPHERALS\Sources\FITI_M4_spi_flash.c 0x00000000   Number         0  fiti_m4_spi_flash.o ABSOLUTE
    ..\PERIPHERALS\Sources\FITI_M4_timer.c   0x00000000   Number         0  fiti_m4_timer.o ABSOLUTE
    ..\PERIPHERALS\Sources\FITI_M4_uart.c    0x00000000   Number         0  fiti_m4_uart.o ABSOLUTE
    ..\PERIPHERALS\Sources\FITI_M4_wdog.c    0x00000000   Number         0  fiti_m4_wdog.o ABSOLUTE
    ..\STARTUP\startup_FITI_CM4.s            0x00000000   Number         0  startup_fiti_cm4.o ABSOLUTE
    ..\SYSTEM\system_FITI_M4.c               0x00000000   Number         0  system_fiti_m4.o ABSOLUTE
    ..\USER\FITI_M4_it.c                     0x00000000   Number         0  fiti_m4_it.o ABSOLUTE
    ..\USER\app_if.c                         0x00000000   Number         0  app_if.o ABSOLUTE
    ..\USER\main.c                           0x00000000   Number         0  main.o ABSOLUTE
    ..\USER\malloc.c                         0x00000000   Number         0  malloc.o ABSOLUTE
    ..\USER\retarget.c                       0x00000000   Number         0  retarget.o ABSOLUTE
    ..\\APP\\app.c                           0x00000000   Number         0  app.o ABSOLUTE
    ..\\CMSIS\\DSP\\src\\BasicMathFunctions\\BasicMathFunctions.c 0x00000000   Number         0  basicmathfunctions.o ABSOLUTE
    ..\\CMSIS\\DSP\\src\\BasicMathFunctions\\BasicMathFunctionsF16.c 0x00000000   Number         0  basicmathfunctionsf16.o ABSOLUTE
    ..\\CMSIS\\DSP\\src\\BayesFunctions\\BayesFunctions.c 0x00000000   Number         0  bayesfunctions.o ABSOLUTE
    ..\\CMSIS\\DSP\\src\\BayesFunctions\\BayesFunctionsF16.c 0x00000000   Number         0  bayesfunctionsf16.o ABSOLUTE
    ..\\CMSIS\\DSP\\src\\CommonTables\\CommonTables.c 0x00000000   Number         0  commontables.o ABSOLUTE
    ..\\CMSIS\\DSP\\src\\CommonTables\\CommonTablesF16.c 0x00000000   Number         0  commontablesf16.o ABSOLUTE
    ..\\CMSIS\\DSP\\src\\ComplexMathFunctions\\ComplexMathFunctions.c 0x00000000   Number         0  complexmathfunctions.o ABSOLUTE
    ..\\CMSIS\\DSP\\src\\ComplexMathFunctions\\ComplexMathFunctionsF16.c 0x00000000   Number         0  complexmathfunctionsf16.o ABSOLUTE
    ..\\CMSIS\\DSP\\src\\ControllerFunctions\\ControllerFunctions.c 0x00000000   Number         0  controllerfunctions.o ABSOLUTE
    ..\\CMSIS\\DSP\\src\\DistanceFunctions\\DistanceFunctions.c 0x00000000   Number         0  distancefunctions.o ABSOLUTE
    ..\\CMSIS\\DSP\\src\\DistanceFunctions\\DistanceFunctionsF16.c 0x00000000   Number         0  distancefunctionsf16.o ABSOLUTE
    ..\\CMSIS\\DSP\\src\\FastMathFunctions\\FastMathFunctions.c 0x00000000   Number         0  fastmathfunctions.o ABSOLUTE
    ..\\CMSIS\\DSP\\src\\FastMathFunctions\\FastMathFunctionsF16.c 0x00000000   Number         0  fastmathfunctionsf16.o ABSOLUTE
    ..\\CMSIS\\DSP\\src\\FilteringFunctions\\FilteringFunctions.c 0x00000000   Number         0  filteringfunctions.o ABSOLUTE
    ..\\CMSIS\\DSP\\src\\FilteringFunctions\\FilteringFunctionsF16.c 0x00000000   Number         0  filteringfunctionsf16.o ABSOLUTE
    ..\\CMSIS\\DSP\\src\\InterpolationFunctions\\InterpolationFunctions.c 0x00000000   Number         0  interpolationfunctions.o ABSOLUTE
    ..\\CMSIS\\DSP\\src\\InterpolationFunctions\\InterpolationFunctionsF16.c 0x00000000   Number         0  interpolationfunctionsf16.o ABSOLUTE
    ..\\CMSIS\\DSP\\src\\MatrixFunctions\\MatrixFunctions.c 0x00000000   Number         0  matrixfunctions.o ABSOLUTE
    ..\\CMSIS\\DSP\\src\\MatrixFunctions\\MatrixFunctionsF16.c 0x00000000   Number         0  matrixfunctionsf16.o ABSOLUTE
    ..\\CMSIS\\DSP\\src\\QuaternionMathFunctions\\QuaternionMathFunctions.c 0x00000000   Number         0  quaternionmathfunctions.o ABSOLUTE
    ..\\CMSIS\\DSP\\src\\SVMFunctions\\SVMFunctions.c 0x00000000   Number         0  svmfunctions.o ABSOLUTE
    ..\\CMSIS\\DSP\\src\\SVMFunctions\\SVMFunctionsF16.c 0x00000000   Number         0  svmfunctionsf16.o ABSOLUTE
    ..\\CMSIS\\DSP\\src\\StatisticsFunctions\\StatisticsFunctions.c 0x00000000   Number         0  statisticsfunctions.o ABSOLUTE
    ..\\CMSIS\\DSP\\src\\StatisticsFunctions\\StatisticsFunctionsF16.c 0x00000000   Number         0  statisticsfunctionsf16.o ABSOLUTE
    ..\\CMSIS\\DSP\\src\\SupportFunctions\\SupportFunctions.c 0x00000000   Number         0  supportfunctions.o ABSOLUTE
    ..\\CMSIS\\DSP\\src\\SupportFunctions\\SupportFunctionsF16.c 0x00000000   Number         0  supportfunctionsf16.o ABSOLUTE
    ..\\CMSIS\\DSP\\src\\TransformFunctions\\TransformFunctions.c 0x00000000   Number         0  transformfunctions.o ABSOLUTE
    ..\\CMSIS\\DSP\\src\\TransformFunctions\\TransformFunctionsF16.c 0x00000000   Number         0  transformfunctionsf16.o ABSOLUTE
    ..\\CMSIS\\NN\\src\\ActivationFunctions\\arm_nn_activations_q15.c 0x00000000   Number         0  arm_nn_activations_q15.o ABSOLUTE
    ..\\CMSIS\\NN\\src\\ActivationFunctions\\arm_nn_activations_q7.c 0x00000000   Number         0  arm_nn_activations_q7.o ABSOLUTE
    ..\\CMSIS\\NN\\src\\ActivationFunctions\\arm_relu6_s8.c 0x00000000   Number         0  arm_relu6_s8.o ABSOLUTE
    ..\\CMSIS\\NN\\src\\ActivationFunctions\\arm_relu_q15.c 0x00000000   Number         0  arm_relu_q15.o ABSOLUTE
    ..\\CMSIS\\NN\\src\\ActivationFunctions\\arm_relu_q7.c 0x00000000   Number         0  arm_relu_q7.o ABSOLUTE
    ..\\CMSIS\\NN\\src\\BasicMathFunctions\\arm_elementwise_add_s16.c 0x00000000   Number         0  arm_elementwise_add_s16.o ABSOLUTE
    ..\\CMSIS\\NN\\src\\BasicMathFunctions\\arm_elementwise_add_s8.c 0x00000000   Number         0  arm_elementwise_add_s8.o ABSOLUTE
    ..\\CMSIS\\NN\\src\\BasicMathFunctions\\arm_elementwise_mul_s16.c 0x00000000   Number         0  arm_elementwise_mul_s16.o ABSOLUTE
    ..\\CMSIS\\NN\\src\\BasicMathFunctions\\arm_elementwise_mul_s8.c 0x00000000   Number         0  arm_elementwise_mul_s8.o ABSOLUTE
    ..\\CMSIS\\NN\\src\\ConcatenationFunctions\\arm_concatenation_s8_w.c 0x00000000   Number         0  arm_concatenation_s8_w.o ABSOLUTE
    ..\\CMSIS\\NN\\src\\ConcatenationFunctions\\arm_concatenation_s8_x.c 0x00000000   Number         0  arm_concatenation_s8_x.o ABSOLUTE
    ..\\CMSIS\\NN\\src\\ConcatenationFunctions\\arm_concatenation_s8_y.c 0x00000000   Number         0  arm_concatenation_s8_y.o ABSOLUTE
    ..\\CMSIS\\NN\\src\\ConcatenationFunctions\\arm_concatenation_s8_z.c 0x00000000   Number         0  arm_concatenation_s8_z.o ABSOLUTE
    ..\\CMSIS\\NN\\src\\ConvolutionFunctions\\arm_convolve_1_x_n_s8.c 0x00000000   Number         0  arm_convolve_1_x_n_s8.o ABSOLUTE
    ..\\CMSIS\\NN\\src\\ConvolutionFunctions\\arm_convolve_1x1_HWC_q7_fast_nonsquare.c 0x00000000   Number         0  arm_convolve_1x1_hwc_q7_fast_nonsquare.o ABSOLUTE
    ..\\CMSIS\\NN\\src\\ConvolutionFunctions\\arm_convolve_1x1_s8_fast.c 0x00000000   Number         0  arm_convolve_1x1_s8_fast.o ABSOLUTE
    ..\\CMSIS\\NN\\src\\ConvolutionFunctions\\arm_convolve_HWC_q15_basic.c 0x00000000   Number         0  arm_convolve_hwc_q15_basic.o ABSOLUTE
    ..\\CMSIS\\NN\\src\\ConvolutionFunctions\\arm_convolve_HWC_q15_fast.c 0x00000000   Number         0  arm_convolve_hwc_q15_fast.o ABSOLUTE
    ..\\CMSIS\\NN\\src\\ConvolutionFunctions\\arm_convolve_HWC_q15_fast_nonsquare.c 0x00000000   Number         0  arm_convolve_hwc_q15_fast_nonsquare.o ABSOLUTE
    ..\\CMSIS\\NN\\src\\ConvolutionFunctions\\arm_convolve_HWC_q7_RGB.c 0x00000000   Number         0  arm_convolve_hwc_q7_rgb.o ABSOLUTE
    ..\\CMSIS\\NN\\src\\ConvolutionFunctions\\arm_convolve_HWC_q7_basic.c 0x00000000   Number         0  arm_convolve_hwc_q7_basic.o ABSOLUTE
    ..\\CMSIS\\NN\\src\\ConvolutionFunctions\\arm_convolve_HWC_q7_basic_nonsquare.c 0x00000000   Number         0  arm_convolve_hwc_q7_basic_nonsquare.o ABSOLUTE
    ..\\CMSIS\\NN\\src\\ConvolutionFunctions\\arm_convolve_HWC_q7_fast.c 0x00000000   Number         0  arm_convolve_hwc_q7_fast.o ABSOLUTE
    ..\\CMSIS\\NN\\src\\ConvolutionFunctions\\arm_convolve_HWC_q7_fast_nonsquare.c 0x00000000   Number         0  arm_convolve_hwc_q7_fast_nonsquare.o ABSOLUTE
    ..\\CMSIS\\NN\\src\\ConvolutionFunctions\\arm_convolve_fast_s16.c 0x00000000   Number         0  arm_convolve_fast_s16.o ABSOLUTE
    ..\\CMSIS\\NN\\src\\ConvolutionFunctions\\arm_convolve_s16.c 0x00000000   Number         0  arm_convolve_s16.o ABSOLUTE
    ..\\CMSIS\\NN\\src\\ConvolutionFunctions\\arm_convolve_s8.c 0x00000000   Number         0  arm_convolve_s8.o ABSOLUTE
    ..\\CMSIS\\NN\\src\\ConvolutionFunctions\\arm_convolve_wrapper_s16.c 0x00000000   Number         0  arm_convolve_wrapper_s16.o ABSOLUTE
    ..\\CMSIS\\NN\\src\\ConvolutionFunctions\\arm_convolve_wrapper_s8.c 0x00000000   Number         0  arm_convolve_wrapper_s8.o ABSOLUTE
    ..\\CMSIS\\NN\\src\\ConvolutionFunctions\\arm_depthwise_conv_3x3_s8.c 0x00000000   Number         0  arm_depthwise_conv_3x3_s8.o ABSOLUTE
    ..\\CMSIS\\NN\\src\\ConvolutionFunctions\\arm_depthwise_conv_s16.c 0x00000000   Number         0  arm_depthwise_conv_s16.o ABSOLUTE
    ..\\CMSIS\\NN\\src\\ConvolutionFunctions\\arm_depthwise_conv_s8.c 0x00000000   Number         0  arm_depthwise_conv_s8.o ABSOLUTE
    ..\\CMSIS\\NN\\src\\ConvolutionFunctions\\arm_depthwise_conv_s8_opt.c 0x00000000   Number         0  arm_depthwise_conv_s8_opt.o ABSOLUTE
    ..\\CMSIS\\NN\\src\\ConvolutionFunctions\\arm_depthwise_conv_u8_basic_ver1.c 0x00000000   Number         0  arm_depthwise_conv_u8_basic_ver1.o ABSOLUTE
    ..\\CMSIS\\NN\\src\\ConvolutionFunctions\\arm_depthwise_conv_wrapper_s8.c 0x00000000   Number         0  arm_depthwise_conv_wrapper_s8.o ABSOLUTE
    ..\\CMSIS\\NN\\src\\ConvolutionFunctions\\arm_depthwise_separable_conv_HWC_q7.c 0x00000000   Number         0  arm_depthwise_separable_conv_hwc_q7.o ABSOLUTE
    ..\\CMSIS\\NN\\src\\ConvolutionFunctions\\arm_depthwise_separable_conv_HWC_q7_nonsquare.c 0x00000000   Number         0  arm_depthwise_separable_conv_hwc_q7_nonsquare.o ABSOLUTE
    ..\\CMSIS\\NN\\src\\ConvolutionFunctions\\arm_nn_depthwise_conv_s8_core.c 0x00000000   Number         0  arm_nn_depthwise_conv_s8_core.o ABSOLUTE
    ..\\CMSIS\\NN\\src\\ConvolutionFunctions\\arm_nn_mat_mult_kernel_q7_q15.c 0x00000000   Number         0  arm_nn_mat_mult_kernel_q7_q15.o ABSOLUTE
    ..\\CMSIS\\NN\\src\\ConvolutionFunctions\\arm_nn_mat_mult_kernel_q7_q15_reordered.c 0x00000000   Number         0  arm_nn_mat_mult_kernel_q7_q15_reordered.o ABSOLUTE
    ..\\CMSIS\\NN\\src\\ConvolutionFunctions\\arm_nn_mat_mult_kernel_s8_s16.c 0x00000000   Number         0  arm_nn_mat_mult_kernel_s8_s16.o ABSOLUTE
    ..\\CMSIS\\NN\\src\\ConvolutionFunctions\\arm_nn_mat_mult_s8.c 0x00000000   Number         0  arm_nn_mat_mult_s8.o ABSOLUTE
    ..\\CMSIS\\NN\\src\\FullyConnectedFunctions\\arm_fully_connected_mat_q7_vec_q15.c 0x00000000   Number         0  arm_fully_connected_mat_q7_vec_q15.o ABSOLUTE
    ..\\CMSIS\\NN\\src\\FullyConnectedFunctions\\arm_fully_connected_mat_q7_vec_q15_opt.c 0x00000000   Number         0  arm_fully_connected_mat_q7_vec_q15_opt.o ABSOLUTE
    ..\\CMSIS\\NN\\src\\FullyConnectedFunctions\\arm_fully_connected_q15.c 0x00000000   Number         0  arm_fully_connected_q15.o ABSOLUTE
    ..\\CMSIS\\NN\\src\\FullyConnectedFunctions\\arm_fully_connected_q15_opt.c 0x00000000   Number         0  arm_fully_connected_q15_opt.o ABSOLUTE
    ..\\CMSIS\\NN\\src\\FullyConnectedFunctions\\arm_fully_connected_q7.c 0x00000000   Number         0  arm_fully_connected_q7.o ABSOLUTE
    ..\\CMSIS\\NN\\src\\FullyConnectedFunctions\\arm_fully_connected_q7_opt.c 0x00000000   Number         0  arm_fully_connected_q7_opt.o ABSOLUTE
    ..\\CMSIS\\NN\\src\\FullyConnectedFunctions\\arm_fully_connected_s16.c 0x00000000   Number         0  arm_fully_connected_s16.o ABSOLUTE
    ..\\CMSIS\\NN\\src\\FullyConnectedFunctions\\arm_fully_connected_s8.c 0x00000000   Number         0  arm_fully_connected_s8.o ABSOLUTE
    ..\\CMSIS\\NN\\src\\NNSupportFunctions\\arm_nn_accumulate_q7_to_q15.c 0x00000000   Number         0  arm_nn_accumulate_q7_to_q15.o ABSOLUTE
    ..\\CMSIS\\NN\\src\\NNSupportFunctions\\arm_nn_add_q7.c 0x00000000   Number         0  arm_nn_add_q7.o ABSOLUTE
    ..\\CMSIS\\NN\\src\\NNSupportFunctions\\arm_nn_depthwise_conv_nt_t_padded_s8.c 0x00000000   Number         0  arm_nn_depthwise_conv_nt_t_padded_s8.o ABSOLUTE
    ..\\CMSIS\\NN\\src\\NNSupportFunctions\\arm_nn_depthwise_conv_nt_t_s8.c 0x00000000   Number         0  arm_nn_depthwise_conv_nt_t_s8.o ABSOLUTE
    ..\\CMSIS\\NN\\src\\NNSupportFunctions\\arm_nn_mat_mul_core_1x_s8.c 0x00000000   Number         0  arm_nn_mat_mul_core_1x_s8.o ABSOLUTE
    ..\\CMSIS\\NN\\src\\NNSupportFunctions\\arm_nn_mat_mul_core_4x_s8.c 0x00000000   Number         0  arm_nn_mat_mul_core_4x_s8.o ABSOLUTE
    ..\\CMSIS\\NN\\src\\NNSupportFunctions\\arm_nn_mat_mul_kernel_s16.c 0x00000000   Number         0  arm_nn_mat_mul_kernel_s16.o ABSOLUTE
    ..\\CMSIS\\NN\\src\\NNSupportFunctions\\arm_nn_mat_mult_nt_t_s8.c 0x00000000   Number         0  arm_nn_mat_mult_nt_t_s8.o ABSOLUTE
    ..\\CMSIS\\NN\\src\\NNSupportFunctions\\arm_nn_mult_q15.c 0x00000000   Number         0  arm_nn_mult_q15.o ABSOLUTE
    ..\\CMSIS\\NN\\src\\NNSupportFunctions\\arm_nn_mult_q7.c 0x00000000   Number         0  arm_nn_mult_q7.o ABSOLUTE
    ..\\CMSIS\\NN\\src\\NNSupportFunctions\\arm_nn_vec_mat_mult_t_s16.c 0x00000000   Number         0  arm_nn_vec_mat_mult_t_s16.o ABSOLUTE
    ..\\CMSIS\\NN\\src\\NNSupportFunctions\\arm_nn_vec_mat_mult_t_s8.c 0x00000000   Number         0  arm_nn_vec_mat_mult_t_s8.o ABSOLUTE
    ..\\CMSIS\\NN\\src\\NNSupportFunctions\\arm_nn_vec_mat_mult_t_svdf_s8.c 0x00000000   Number         0  arm_nn_vec_mat_mult_t_svdf_s8.o ABSOLUTE
    ..\\CMSIS\\NN\\src\\NNSupportFunctions\\arm_nntables.c 0x00000000   Number         0  arm_nntables.o ABSOLUTE
    ..\\CMSIS\\NN\\src\\NNSupportFunctions\\arm_q7_to_q15_no_shift.c 0x00000000   Number         0  arm_q7_to_q15_no_shift.o ABSOLUTE
    ..\\CMSIS\\NN\\src\\NNSupportFunctions\\arm_q7_to_q15_reordered_no_shift.c 0x00000000   Number         0  arm_q7_to_q15_reordered_no_shift.o ABSOLUTE
    ..\\CMSIS\\NN\\src\\NNSupportFunctions\\arm_q7_to_q15_reordered_with_offset.c 0x00000000   Number         0  arm_q7_to_q15_reordered_with_offset.o ABSOLUTE
    ..\\CMSIS\\NN\\src\\NNSupportFunctions\\arm_q7_to_q15_with_offset.c 0x00000000   Number         0  arm_q7_to_q15_with_offset.o ABSOLUTE
    ..\\CMSIS\\NN\\src\\PoolingFunctions\\arm_avgpool_s16.c 0x00000000   Number         0  arm_avgpool_s16.o ABSOLUTE
    ..\\CMSIS\\NN\\src\\PoolingFunctions\\arm_avgpool_s8.c 0x00000000   Number         0  arm_avgpool_s8.o ABSOLUTE
    ..\\CMSIS\\NN\\src\\PoolingFunctions\\arm_max_pool_s16.c 0x00000000   Number         0  arm_max_pool_s16.o ABSOLUTE
    ..\\CMSIS\\NN\\src\\PoolingFunctions\\arm_max_pool_s8.c 0x00000000   Number         0  arm_max_pool_s8.o ABSOLUTE
    ..\\CMSIS\\NN\\src\\PoolingFunctions\\arm_pool_q7_HWC.c 0x00000000   Number         0  arm_pool_q7_hwc.o ABSOLUTE
    ..\\CMSIS\\NN\\src\\ReshapeFunctions\\arm_reshape_s8.c 0x00000000   Number         0  arm_reshape_s8.o ABSOLUTE
    ..\\CMSIS\\NN\\src\\SVDFunctions\\arm_svdf_s8.c 0x00000000   Number         0  arm_svdf_s8.o ABSOLUTE
    ..\\CMSIS\\NN\\src\\SVDFunctions\\arm_svdf_state_s16_s8.c 0x00000000   Number         0  arm_svdf_state_s16_s8.o ABSOLUTE
    ..\\CMSIS\\NN\\src\\SoftmaxFunctions\\arm_nn_softmax_common_s8.c 0x00000000   Number         0  arm_nn_softmax_common_s8.o ABSOLUTE
    ..\\CMSIS\\NN\\src\\SoftmaxFunctions\\arm_softmax_q15.c 0x00000000   Number         0  arm_softmax_q15.o ABSOLUTE
    ..\\CMSIS\\NN\\src\\SoftmaxFunctions\\arm_softmax_q7.c 0x00000000   Number         0  arm_softmax_q7.o ABSOLUTE
    ..\\CMSIS\\NN\\src\\SoftmaxFunctions\\arm_softmax_s16.c 0x00000000   Number         0  arm_softmax_s16.o ABSOLUTE
    ..\\CMSIS\\NN\\src\\SoftmaxFunctions\\arm_softmax_s8.c 0x00000000   Number         0  arm_softmax_s8.o ABSOLUTE
    ..\\CMSIS\\NN\\src\\SoftmaxFunctions\\arm_softmax_s8_s16.c 0x00000000   Number         0  arm_softmax_s8_s16.o ABSOLUTE
    ..\\CMSIS\\NN\\src\\SoftmaxFunctions\\arm_softmax_u8.c 0x00000000   Number         0  arm_softmax_u8.o ABSOLUTE
    ..\\CMSIS\\NN\\src\\SoftmaxFunctions\\arm_softmax_with_batch_q7.c 0x00000000   Number         0  arm_softmax_with_batch_q7.o ABSOLUTE
    ..\\CORE\\core_cm4.c                     0x00000000   Number         0  core_cm4.o ABSOLUTE
    ..\\PERIPHERALS\\Sources\\FITI_M4_ddr3.c 0x00000000   Number         0  fiti_m4_ddr3.o ABSOLUTE
    ..\\PERIPHERALS\\Sources\\FITI_M4_ethernet.c 0x00000000   Number         0  fiti_m4_ethernet.o ABSOLUTE
    ..\\PERIPHERALS\\Sources\\FITI_M4_gpio.c 0x00000000   Number         0  fiti_m4_gpio.o ABSOLUTE
    ..\\PERIPHERALS\\Sources\\FITI_M4_i2c.c  0x00000000   Number         0  fiti_m4_i2c.o ABSOLUTE
    ..\\PERIPHERALS\\Sources\\FITI_M4_misc.c 0x00000000   Number         0  fiti_m4_misc.o ABSOLUTE
    ..\\PERIPHERALS\\Sources\\FITI_M4_rtc.c  0x00000000   Number         0  fiti_m4_rtc.o ABSOLUTE
    ..\\PERIPHERALS\\Sources\\FITI_M4_spi.c  0x00000000   Number         0  fiti_m4_spi.o ABSOLUTE
    ..\\PERIPHERALS\\Sources\\FITI_M4_spi_flash.c 0x00000000   Number         0  fiti_m4_spi_flash.o ABSOLUTE
    ..\\PERIPHERALS\\Sources\\FITI_M4_timer.c 0x00000000   Number         0  fiti_m4_timer.o ABSOLUTE
    ..\\PERIPHERALS\\Sources\\FITI_M4_uart.c 0x00000000   Number         0  fiti_m4_uart.o ABSOLUTE
    ..\\PERIPHERALS\\Sources\\FITI_M4_wdog.c 0x00000000   Number         0  fiti_m4_wdog.o ABSOLUTE
    ..\\SYSTEM\\system_FITI_M4.c             0x00000000   Number         0  system_fiti_m4.o ABSOLUTE
    ..\\USER\\FITI_M4_it.c                   0x00000000   Number         0  fiti_m4_it.o ABSOLUTE
    ..\\USER\\app_if.c                       0x00000000   Number         0  app_if.o ABSOLUTE
    ..\\USER\\main.c                         0x00000000   Number         0  main.o ABSOLUTE
    ..\\USER\\malloc.c                       0x00000000   Number         0  malloc.o ABSOLUTE
    ..\\USER\\retarget.c                     0x00000000   Number         0  retarget.o ABSOLUTE
    cdcmple.s                                0x00000000   Number         0  cdcmple.o ABSOLUTE
    cdrcmple.s                               0x00000000   Number         0  cdrcmple.o ABSOLUTE
    dc.s                                     0x00000000   Number         0  dc.o ABSOLUTE
    handlers.s                               0x00000000   Number         0  handlers.o ABSOLUTE
    init.s                                   0x00000000   Number         0  init.o ABSOLUTE
    .ARM.Collect$$$$00000000                 0x000003c0   Section        0  entry.o(.ARM.Collect$$$$00000000)
    .ARM.Collect$$$$00000001                 0x000003c0   Section        4  entry2.o(.ARM.Collect$$$$00000001)
    .ARM.Collect$$$$00000004                 0x000003c4   Section        4  entry5.o(.ARM.Collect$$$$00000004)
    .ARM.Collect$$$$00000008                 0x000003c8   Section        0  entry7b.o(.ARM.Collect$$$$00000008)
    .ARM.Collect$$$$0000000A                 0x000003c8   Section        0  entry8b.o(.ARM.Collect$$$$0000000A)
    .ARM.Collect$$$$0000000B                 0x000003c8   Section        8  entry9a.o(.ARM.Collect$$$$0000000B)
    .ARM.Collect$$$$0000000D                 0x000003d0   Section        0  entry10a.o(.ARM.Collect$$$$0000000D)
    .ARM.Collect$$$$0000000F                 0x000003d0   Section        0  entry11a.o(.ARM.Collect$$$$0000000F)
    .ARM.Collect$$$$00002712                 0x000003d0   Section        4  entry2.o(.ARM.Collect$$$$00002712)
    __lit__00000000                          0x000003d0   Data           4  entry2.o(.ARM.Collect$$$$00002712)
    .text                                    0x000003d4   Section       56  startup_fiti_cm4.o(.text)
    $v0                                      0x000003d4   Number         0  startup_fiti_cm4.o(.text)
    .text                                    0x0000040c   Section        0  system_fiti_m4.o(.text)
    .text                                    0x00000440   Section        0  fiti_m4_gpio.o(.text)
    .text                                    0x000005b6   Section        0  fiti_m4_uart.o(.text)
    .text                                    0x000006cc   Section        0  app.o(.text)
    .text                                    0x00000710   Section        0  main.o(.text)
    .text                                    0x00000754   Section        0  app_if.o(.text)
    .text                                    0x000007b8   Section        0  retarget.o(.text)
    .text                                    0x000007fe   Section        0  fiti_m4_it.o(.text)
    .text                                    0x00000854   Section       36  init.o(.text)
    i.__0printf$bare                         0x00000878   Section        0  printfb.o(i.__0printf$bare)
    i.__scatterload_copy                     0x00000888   Section       14  handlers.o(i.__scatterload_copy)
    i.__scatterload_null                     0x00000896   Section        2  handlers.o(i.__scatterload_null)
    i.__scatterload_zeroinit                 0x00000898   Section       14  handlers.o(i.__scatterload_zeroinit)
    i._printf_core                           0x000008a6   Section        0  printfb.o(i._printf_core)
    _printf_core                             0x000008a7   Thumb Code    34  printfb.o(i._printf_core)
    .conststring                             0x000008c8   Section      253  main.o(.conststring)
    .data                                    0x20000000   Section        4  system_fiti_m4.o(.data)
    .data                                    0x20000004   Section        4  retarget.o(.data)
    STACK                                    0x20000008   Section     1024  startup_fiti_cm4.o(STACK)

    Global Symbols

    Symbol Name                              Value     Ov Type        Size  Object(Section)

    BuildAttributes$$THM_ISAv4$E$P$D$K$B$S$7EM$VFPi3$EXTD16$VFPS$VFMA$PE$A:L22UL41UL21$X:L11$S22US41US21$IEEE1$IW$USESV6$~STKCKD$USESV7$~SHL$OTIME$ROPI$IEEEX$EBA8$MICROLIB$REQ8$PRES8$EABIv2 0x00000000   Number         0  anon$$obj.o ABSOLUTE
    __ARM_use_no_argv                        0x00000000   Number         0  main.o ABSOLUTE
    __Vectors                                0x00000000   Data           4  startup_fiti_cm4.o(RESET)
    __use_no_errno                           0x00000000   Number         0  useno.o ABSOLUTE
    __use_no_exception_handling              0x00000000   Number         0  useno.o ABSOLUTE
    __use_no_fp                              0x00000000   Number         0  useno.o ABSOLUTE
    __use_no_heap                            0x00000000   Number         0  useno.o ABSOLUTE
    __use_no_heap_region                     0x00000000   Number         0  useno.o ABSOLUTE
    __use_no_semihosting                     0x00000000   Number         0  useno.o ABSOLUTE
    __use_no_semihosting_swi                 0x00000000   Number         0  useno.o ABSOLUTE
    __use_no_signal_handling                 0x00000000   Number         0  useno.o ABSOLUTE
    __cpp_initialize__aeabi_                  - Undefined Weak Reference
    __cxa_finalize                            - Undefined Weak Reference
    __decompress                              - Undefined Weak Reference
    _clock_init                               - Undefined Weak Reference
    _microlib_exit                            - Undefined Weak Reference
    __Vectors_End                            0x000003c0   Data           0  startup_fiti_cm4.o(RESET)
    __Vectors_Size                           0x000003c0   Number         0  startup_fiti_cm4.o ABSOLUTE
    __main                                   0x000003c1   Thumb Code     0  entry.o(.ARM.Collect$$$$00000000)
    _main_stk                                0x000003c1   Thumb Code     0  entry2.o(.ARM.Collect$$$$00000001)
    _main_scatterload                        0x000003c5   Thumb Code     0  entry5.o(.ARM.Collect$$$$00000004)
    __main_after_scatterload                 0x000003c9   Thumb Code     0  entry5.o(.ARM.Collect$$$$00000004)
    _main_clock                              0x000003c9   Thumb Code     0  entry7b.o(.ARM.Collect$$$$00000008)
    _main_cpp_init                           0x000003c9   Thumb Code     0  entry8b.o(.ARM.Collect$$$$0000000A)
    _main_init                               0x000003c9   Thumb Code     0  entry9a.o(.ARM.Collect$$$$0000000B)
    __rt_final_cpp                           0x000003d1   Thumb Code     0  entry10a.o(.ARM.Collect$$$$0000000D)
    __rt_final_exit                          0x000003d1   Thumb Code     0  entry11a.o(.ARM.Collect$$$$0000000F)
    Reset_Handler                            0x000003d5   Thumb Code     8  startup_fiti_cm4.o(.text)
    SysTick_Handler                          0x000003ed   Thumb Code     2  startup_fiti_cm4.o(.text)
    Interrupt0_Handler                       0x000003ef   Thumb Code     2  startup_fiti_cm4.o(.text)
    Interrupt1_Handler                       0x000003f1   Thumb Code     2  startup_fiti_cm4.o(.text)
    Interrupt2_Handler                       0x000003f3   Thumb Code     2  startup_fiti_cm4.o(.text)
    Interrupt3_Handler                       0x000003f5   Thumb Code     2  startup_fiti_cm4.o(.text)
    Interrupt4_Handler                       0x000003f7   Thumb Code     2  startup_fiti_cm4.o(.text)
    Interrupt5_Handler                       0x000003f9   Thumb Code     2  startup_fiti_cm4.o(.text)
    Interrupt6_Handler                       0x000003fb   Thumb Code     2  startup_fiti_cm4.o(.text)
    Interrupt7_Handler                       0x000003fd   Thumb Code     2  startup_fiti_cm4.o(.text)
    Interrupt8_Handler                       0x000003ff   Thumb Code     2  startup_fiti_cm4.o(.text)
    Interrupt9_Handler                       0x00000401   Thumb Code     2  startup_fiti_cm4.o(.text)
    SystemCoreClockUpdate                    0x0000040d   Thumb Code     8  system_fiti_m4.o(.text)
    SystemInit                               0x00000415   Thumb Code    26  system_fiti_m4.o(.text)
    GPIO_Init                                0x00000441   Thumb Code   180  fiti_m4_gpio.o(.text)
    GPIO_SetOutEnable                        0x000004f5   Thumb Code     8  fiti_m4_gpio.o(.text)
    GPIO_ClrOutEnable                        0x000004fd   Thumb Code     4  fiti_m4_gpio.o(.text)
    GPIO_SetBit                              0x00000501   Thumb Code     8  fiti_m4_gpio.o(.text)
    GPIO_ResetBit                            0x00000509   Thumb Code     8  fiti_m4_gpio.o(.text)
    GPIO_WriteBits                           0x00000511   Thumb Code     4  fiti_m4_gpio.o(.text)
    GPIO_ReadBits                            0x00000515   Thumb Code     4  fiti_m4_gpio.o(.text)
    GPIO_GetOutEnable                        0x00000519   Thumb Code     4  fiti_m4_gpio.o(.text)
    GPIO_SetAltFunc                          0x0000051d   Thumb Code     8  fiti_m4_gpio.o(.text)
    GPIO_ClrAltFunc                          0x00000525   Thumb Code     4  fiti_m4_gpio.o(.text)
    GPIO_GetAltFunc                          0x00000529   Thumb Code     4  fiti_m4_gpio.o(.text)
    GPIO_IntClear                            0x0000052d   Thumb Code     8  fiti_m4_gpio.o(.text)
    GPIO_GetIntStatus                        0x00000535   Thumb Code     4  fiti_m4_gpio.o(.text)
    GPIO_SetIntEnable                        0x00000539   Thumb Code    10  fiti_m4_gpio.o(.text)
    GPIO_ClrIntEnable                        0x00000543   Thumb Code    10  fiti_m4_gpio.o(.text)
    GPIO_SetIntHighLevel                     0x0000054d   Thumb Code    20  fiti_m4_gpio.o(.text)
    GPIO_SetIntRisingEdge                    0x00000561   Thumb Code    20  fiti_m4_gpio.o(.text)
    GPIO_SetIntLowLevel                      0x00000575   Thumb Code    20  fiti_m4_gpio.o(.text)
    GPIO_SetIntFallingEdge                   0x00000589   Thumb Code    20  fiti_m4_gpio.o(.text)
    GPIO_MaskedWrite                         0x0000059d   Thumb Code    26  fiti_m4_gpio.o(.text)
    UART_Init                                0x000005b7   Thumb Code   108  fiti_m4_uart.o(.text)
    UART_GetRxBufferFull                     0x00000623   Thumb Code     8  fiti_m4_uart.o(.text)
    UART_GetTxBufferFull                     0x0000062b   Thumb Code     8  fiti_m4_uart.o(.text)
    UART_GetRxBufferOverrunStatus            0x00000633   Thumb Code     8  fiti_m4_uart.o(.text)
    UART_GetTxBufferOverrunStatus            0x0000063b   Thumb Code     8  fiti_m4_uart.o(.text)
    UART_ClearRxBufferOverrunStatus          0x00000643   Thumb Code     6  fiti_m4_uart.o(.text)
    UART_ClearTxBufferOverrunStatus          0x00000649   Thumb Code     6  fiti_m4_uart.o(.text)
    UART_SendChar                            0x0000064f   Thumb Code    10  fiti_m4_uart.o(.text)
    UART_SendString                          0x00000659   Thumb Code    24  fiti_m4_uart.o(.text)
    UART_ReceiveChar                         0x00000671   Thumb Code    12  fiti_m4_uart.o(.text)
    UART_GetBaudDivider                      0x0000067d   Thumb Code     4  fiti_m4_uart.o(.text)
    UART_GetTxIRQStatus                      0x00000681   Thumb Code     8  fiti_m4_uart.o(.text)
    UART_GetRxIRQStatus                      0x00000689   Thumb Code     8  fiti_m4_uart.o(.text)
    UART_ClearTxIRQ                          0x00000691   Thumb Code     6  fiti_m4_uart.o(.text)
    UART_ClearRxIRQ                          0x00000697   Thumb Code     6  fiti_m4_uart.o(.text)
    UART_GetTxOverrunIRQStatus               0x0000069d   Thumb Code     8  fiti_m4_uart.o(.text)
    UART_GetRxOverrunIRQStatus               0x000006a5   Thumb Code     8  fiti_m4_uart.o(.text)
    UART_ClearTxOverrunIRQ                   0x000006ad   Thumb Code     6  fiti_m4_uart.o(.text)
    UART_ClearRxOverrunIRQ                   0x000006b3   Thumb Code     6  fiti_m4_uart.o(.text)
    UART_SetHSTM                             0x000006b9   Thumb Code    10  fiti_m4_uart.o(.text)
    UART_ClrHSTM                             0x000006c3   Thumb Code    10  fiti_m4_uart.o(.text)
    led_app                                  0x000006cd   Thumb Code    64  app.o(.text)
    main                                     0x00000711   Thumb Code    52  main.o(.text)
    UartInit                                 0x00000755   Thumb Code    48  app_if.o(.text)
    app_call_if                              0x00000785   Thumb Code    16  app_if.o(.text)
    fputc                                    0x000007b9   Thumb Code    26  retarget.o(.text)
    fgetc                                    0x000007d3   Thumb Code    14  retarget.o(.text)
    _ttywrch                                 0x000007e1   Thumb Code    22  retarget.o(.text)
    _ferror                                  0x000007f7   Thumb Code     6  retarget.o(.text)
    _sys_exit                                0x000007fd   Thumb Code     2  retarget.o(.text)
    NMI_Handler                              0x000007ff   Thumb Code     2  fiti_m4_it.o(.text)
    HardFault_Handler                        0x00000801   Thumb Code     2  fiti_m4_it.o(.text)
    MemManage_Handler                        0x00000803   Thumb Code     2  fiti_m4_it.o(.text)
    BusFault_Handler                         0x00000805   Thumb Code     2  fiti_m4_it.o(.text)
    UsageFault_Handler                       0x00000807   Thumb Code     2  fiti_m4_it.o(.text)
    SVC_Handler                              0x00000809   Thumb Code     2  fiti_m4_it.o(.text)
    DebugMon_Handler                         0x0000080b   Thumb Code     2  fiti_m4_it.o(.text)
    PendSV_Handler                           0x0000080d   Thumb Code     2  fiti_m4_it.o(.text)
    UART1_Handler                            0x0000080f   Thumb Code     2  fiti_m4_it.o(.text)
    TIMER1_Handler                           0x00000811   Thumb Code     2  fiti_m4_it.o(.text)
    GPIO0_Handler                            0x00000813   Thumb Code     2  fiti_m4_it.o(.text)
    GPIO0_0_Handler                          0x00000815   Thumb Code     2  fiti_m4_it.o(.text)
    GPIO0_1_Handler                          0x00000817   Thumb Code     2  fiti_m4_it.o(.text)
    GPIO0_2_Handler                          0x00000819   Thumb Code     2  fiti_m4_it.o(.text)
    GPIO0_3_Handler                          0x0000081b   Thumb Code     2  fiti_m4_it.o(.text)
    GPIO0_4_Handler                          0x0000081d   Thumb Code     2  fiti_m4_it.o(.text)
    GPIO0_5_Handler                          0x0000081f   Thumb Code     2  fiti_m4_it.o(.text)
    GPIO0_6_Handler                          0x00000821   Thumb Code     2  fiti_m4_it.o(.text)
    GPIO0_7_Handler                          0x00000823   Thumb Code     2  fiti_m4_it.o(.text)
    GPIO0_8_Handler                          0x00000825   Thumb Code     2  fiti_m4_it.o(.text)
    GPIO0_9_Handler                          0x00000827   Thumb Code     2  fiti_m4_it.o(.text)
    GPIO0_10_Handler                         0x00000829   Thumb Code     2  fiti_m4_it.o(.text)
    GPIO0_11_Handler                         0x0000082b   Thumb Code     2  fiti_m4_it.o(.text)
    GPIO0_12_Handler                         0x0000082d   Thumb Code     2  fiti_m4_it.o(.text)
    GPIO0_13_Handler                         0x0000082f   Thumb Code     2  fiti_m4_it.o(.text)
    GPIO0_14_Handler                         0x00000831   Thumb Code     2  fiti_m4_it.o(.text)
    GPIO0_15_Handler                         0x00000833   Thumb Code     2  fiti_m4_it.o(.text)
    USER_INT0_Handler                        0x00000835   Thumb Code     2  fiti_m4_it.o(.text)
    USER_INT1_Handler                        0x00000837   Thumb Code     2  fiti_m4_it.o(.text)
    USER_INT2_Handler                        0x00000839   Thumb Code     2  fiti_m4_it.o(.text)
    USER_INT3_Handler                        0x0000083b   Thumb Code     2  fiti_m4_it.o(.text)
    USER_INT4_Handler                        0x0000083d   Thumb Code     2  fiti_m4_it.o(.text)
    USER_INT5_Handler                        0x0000083f   Thumb Code     2  fiti_m4_it.o(.text)
    USER_INT6_Handler                        0x00000841   Thumb Code     2  fiti_m4_it.o(.text)
    USER_INT7_Handler                        0x00000843   Thumb Code     2  fiti_m4_it.o(.text)
    USER_INT8_Handler                        0x00000845   Thumb Code     2  fiti_m4_it.o(.text)
    USER_INT9_Handler                        0x00000847   Thumb Code     2  fiti_m4_it.o(.text)
    USER_INT10_Handler                       0x00000849   Thumb Code     2  fiti_m4_it.o(.text)
    USER_INT11_Handler                       0x0000084b   Thumb Code     2  fiti_m4_it.o(.text)
    USER_INT12_Handler                       0x0000084d   Thumb Code     2  fiti_m4_it.o(.text)
    USER_INT13_Handler                       0x0000084f   Thumb Code     2  fiti_m4_it.o(.text)
    USER_INT14_Handler                       0x00000851   Thumb Code     2  fiti_m4_it.o(.text)
    USER_INT15_Handler                       0x00000853   Thumb Code     2  fiti_m4_it.o(.text)
    __scatterload                            0x00000855   Thumb Code    28  init.o(.text)
    __scatterload_rt2                        0x00000855   Thumb Code     0  init.o(.text)
    __0printf$bare                           0x00000879   Thumb Code     8  printfb.o(i.__0printf$bare)
    __1printf$bare                           0x00000879   Thumb Code     0  printfb.o(i.__0printf$bare)
    __2printf                                0x00000879   Thumb Code     0  printfb.o(i.__0printf$bare)
    __scatterload_copy                       0x00000889   Thumb Code    14  handlers.o(i.__scatterload_copy)
    __scatterload_null                       0x00000897   Thumb Code     2  handlers.o(i.__scatterload_null)
    __scatterload_zeroinit                   0x00000899   Thumb Code    14  handlers.o(i.__scatterload_zeroinit)
    Region$$Table$$Base                      0x000009c8   Number         0  anon$$obj.o(Region$$Table)
    Region$$Table$$Limit                     0x000009e8   Number         0  anon$$obj.o(Region$$Table)
    SystemCoreClock                          0x20000000   Data           4  system_fiti_m4.o(.data)
    __stdout                                 0x20000004   Data           4  retarget.o(.data)
    __stack_limit                            0x20000008   Data           0  startup_fiti_cm4.o(STACK)
    __initial_sp                             0x20000408   Data           0  startup_fiti_cm4.o(STACK)



==============================================================================

Memory Map of the image

  Image Entry point : 0x000003c1

  Load Region LR_IROM1 (Base: 0x00000000, Size: 0x000009f0, Max: 0x00400000, ABSOLUTE)

    Execution Region ER_IROM1 (Exec base: 0x00000000, Load base: 0x00000000, Size: 0x000009e8, Max: 0x00400000, ABSOLUTE)

    Exec Addr    Load Addr    Size         Type   Attr      Idx    E Section Name        Object

    0x00000000   0x00000000   0x000003c0   Data   RO           19    RESET               startup_fiti_cm4.o
    0x000003c0   0x000003c0   0x00000000   Code   RO         5467  * .ARM.Collect$$$$00000000  mc_w.l(entry.o)
    0x000003c0   0x000003c0   0x00000004   Code   RO         5801    .ARM.Collect$$$$00000001  mc_w.l(entry2.o)
    0x000003c4   0x000003c4   0x00000004   Code   RO         5804    .ARM.Collect$$$$00000004  mc_w.l(entry5.o)
    0x000003c8   0x000003c8   0x00000000   Code   RO         5806    .ARM.Collect$$$$00000008  mc_w.l(entry7b.o)
    0x000003c8   0x000003c8   0x00000000   Code   RO         5808    .ARM.Collect$$$$0000000A  mc_w.l(entry8b.o)
    0x000003c8   0x000003c8   0x00000008   Code   RO         5809    .ARM.Collect$$$$0000000B  mc_w.l(entry9a.o)
    0x000003d0   0x000003d0   0x00000000   Code   RO         5811    .ARM.Collect$$$$0000000D  mc_w.l(entry10a.o)
    0x000003d0   0x000003d0   0x00000000   Code   RO         5813    .ARM.Collect$$$$0000000F  mc_w.l(entry11a.o)
    0x000003d0   0x000003d0   0x00000004   Code   RO         5802    .ARM.Collect$$$$00002712  mc_w.l(entry2.o)
    0x000003d4   0x000003d4   0x00000038   Code   RO           20    .text               startup_fiti_cm4.o
    0x0000040c   0x0000040c   0x00000034   Code   RO           27    .text               system_fiti_m4.o
    0x00000440   0x00000440   0x00000176   Code   RO          173    .text               fiti_m4_gpio.o
    0x000005b6   0x000005b6   0x00000116   Code   RO          345    .text               fiti_m4_uart.o
    0x000006cc   0x000006cc   0x00000044   Code   RO          394    .text               app.o
    0x00000710   0x00000710   0x00000044   Code   RO          427    .text               main.o
    0x00000754   0x00000754   0x00000064   Code   RO          455    .text               app_if.o
    0x000007b8   0x000007b8   0x00000046   Code   RO          515    .text               retarget.o
    0x000007fe   0x000007fe   0x00000056   Code   RO          548    .text               fiti_m4_it.o
    0x00000854   0x00000854   0x00000024   Code   RO         5841    .text               mc_w.l(init.o)
    0x00000878   0x00000878   0x00000010   Code   RO         5489    i.__0printf$bare    mc_w.l(printfb.o)
    0x00000888   0x00000888   0x0000000e   Code   RO         5845    i.__scatterload_copy  mc_w.l(handlers.o)
    0x00000896   0x00000896   0x00000002   Code   RO         5846    i.__scatterload_null  mc_w.l(handlers.o)
    0x00000898   0x00000898   0x0000000e   Code   RO         5847    i.__scatterload_zeroinit  mc_w.l(handlers.o)
    0x000008a6   0x000008a6   0x00000022   Code   RO         5496    i._printf_core      mc_w.l(printfb.o)
    0x000008c8   0x000008c8   0x000000fd   Data   RO          428    .conststring        main.o
    0x000009c5   0x000009c5   0x00000003   PAD
    0x000009c8   0x000009c8   0x00000020   Data   RO         5843    Region$$Table       anon$$obj.o


    Execution Region RW_IRAM1 (Exec base: 0x20000000, Load base: 0x000009e8, Size: 0x00000408, Max: 0x00400000, ABSOLUTE)

    Exec Addr    Load Addr    Size         Type   Attr      Idx    E Section Name        Object

    0x20000000   0x000009e8   0x00000004   Data   RW           28    .data               system_fiti_m4.o
    0x20000004   0x000009ec   0x00000004   Data   RW          516    .data               retarget.o
    0x20000008        -       0x00000400   Zero   RW           17    STACK               startup_fiti_cm4.o


==============================================================================

Image component sizes


      Code (inc. data)   RO Data    RW Data    ZI Data      Debug   Object Name

        68          4          0          0          0        846   app.o
       100         36          0          0          0        687   app_if.o
         0          0          0          0          0       4540   core_cm4.o
       374          0          0          0          0       4956   fiti_m4_gpio.o
        86          0          0          0          0       4553   fiti_m4_it.o
       278          0          0          0          0       4909   fiti_m4_uart.o
        68         16        253          0          0        495   main.o
        70          0          0          4          0       2863   retarget.o
        56         10        960          0       1024       1208   startup_fiti_cm4.o
        52         18          0          4          0      10093   system_fiti_m4.o

    ----------------------------------------------------------------------
      1152         84       1248          8       1024      35150   Object Totals
         0          0         32          0          0          0   (incl. Generated)
         0          0          3          0          0          0   (incl. Padding)

    ----------------------------------------------------------------------

      Code (inc. data)   RO Data    RW Data    ZI Data      Debug   Library Member Name

         0          0          0          0          0          0   entry.o
         0          0          0          0          0          0   entry10a.o
         0          0          0          0          0          0   entry11a.o
         8          4          0          0          0          0   entry2.o
         4          0          0          0          0          0   entry5.o
         0          0          0          0          0          0   entry7b.o
         0          0          0          0          0          0   entry8b.o
         8          4          0          0          0          0   entry9a.o
        30          0          0          0          0          0   handlers.o
        36          8          0          0          0         68   init.o
        50          8          0          0          0        152   printfb.o

    ----------------------------------------------------------------------
       136         24          0          0          0        220   Library Totals
         0          0          0          0          0          0   (incl. Padding)

    ----------------------------------------------------------------------

      Code (inc. data)   RO Data    RW Data    ZI Data      Debug   Library Name

       136         24          0          0          0        220   mc_w.l

    ----------------------------------------------------------------------
       136         24          0          0          0        220   Library Totals

    ----------------------------------------------------------------------

==============================================================================


      Code (inc. data)   RO Data    RW Data    ZI Data      Debug   

      1288        108       1248          8       1024      34622   Grand Totals
      1288        108       1248          8       1024      34622   ELF Image Totals
      1288        108       1248          8          0          0   ROM Totals

==============================================================================

    Total RO  Size (Code + RO Data)                 2536 (   2.48kB)
    Total RW  Size (RW Data + ZI Data)              1032 (   1.01kB)
    Total ROM Size (Code + RO Data + RW Data)       2544 (   2.48kB)

==============================================================================

