<html>
<body>
<pre>
<h1>µVision Build Log</h1>
<h2>Tool Versions:</h2>
IDE-Version: £gVision V5.38.0.0
Copyright (C) 2022 ARM Ltd and ARM Germany GmbH. All rights reserved.
License Information: lee chia ying, 123, LIC=IK1BF-69GPB-30TNC-72SKQ-75GIM-IET98
 
Tool Versions:
Toolchain:       MDK-ARM Professional  Version: 5.38.0.0
Toolchain Path:  C:\Keil_v5\ARM\ARMCC\Bin
C Compiler:      Armcc.exe V5.06 update 6 (build 750)
Assembler:       Armasm.exe V5.06 update 6 (build 750)
Linker/Locator:  ArmLink.exe V5.06 update 6 (build 750)
Library Manager: ArmAr.exe V5.06 update 6 (build 750)
Hex Converter:   FromElf.exe V5.06 update 6 (build 750)
CPU DLL:         SARMCM3.DLL V5.38.0.0
Dialog DLL:      DCM.DLL V1.17.5.0
Target DLL:      DbgFM.DLL V1.16.29.0
Dialog DLL:      TCM.DLL V1.56.4.0
 
<h2>Project:</h2>
C:\Fiti_fw\Tcon\FTA8801\Fiti_M4F\PROJECT\peripherals_app.uvprojx
Project File Date:  02/09/2023

<h2>Output:</h2>
*** Using Compiler 'V5.06 update 6 (build 750)', folder: 'C:\Keil_v5\ARM\ARMCC\Bin'
Build target 'peripherals_app'
compiling system_FITI_M4.c...
compiling FITI_M4_ethernet.c...
compiling FITI_M4_gpio.c...
compiling FITI_M4_misc.c...
compiling FITI_M4_i2c.c...
compiling FITI_M4_ddr3.c...
compiling FITI_M4_spi.c...
compiling FITI_M4_rtc.c...
compiling FITI_M4_spi_flash.c...
compiling FITI_M4_uart.c...
compiling FITI_M4_timer.c...
compiling FITI_M4_wdog.c...
compiling app.c...
..\APP\app.c(655): warning:  #177-D: function "Delay"  was declared but never referenced
  static void Delay(__IO uint32_t nCount)//25M 1s = 8333000
..\APP\app.c: 1 warning, 0 errors
compiling malloc.c...
compiling app_if.c...
compiling main.c...
compiling retarget.c...
compiling FITI_M4_it.c...
linking...
Program Size: Code=1288 RO-data=1248 RW-data=8 ZI-data=1024  
FromELF: creating hex file...
After Build - User command #1: C:\Keil_v5\\ARM\ARMCC\BIN\fromelf.exe C:\Fiti_fw\Tcon\FTA8801\Fiti_M4F\PROJECT\Objects\peripherals_app.axf -c -d -e -s --output FITI_M4.lst
After Build - User command #2: C:\Keil_v5\\ARM\ARMCC\BIN\fromelf.exe C:\Fiti_fw\Tcon\FTA8801\Fiti_M4F\PROJECT\Objects\peripherals_app.axf --bin -o FITI_M4.bin
".\Objects\peripherals_app.axf" - 0 Error(s), 1 Warning(s).

<h2>Software Packages used:</h2>

Package Vendor: Keil
                http://www.keil.com/pack/Keil.V2M-MPS2_CMx_BSP.1.8.0.pack
                Keil.V2M-MPS2_CMx_BSP.1.8.0
                ARM V2M-MPS2 Board Support PACK for Cortex-M System Design Kit Devices

<h2>Collection of Component include folders:</h2>
  C:/Users/chiayinglee/AppData/Local/Arm/Packs/Keil/V2M-MPS2_CMx_BSP/1.8.0/Device/CMSDK_CM4/Include

<h2>Collection of Component Files used:</h2>
Build Time Elapsed:  00:00:04
</pre>
</body>
</html>
