<!doctype html public "-//w3c//dtd html 4.0 transitional//en">
<html><head>
<title>Static Call Graph - [.\Objects\peripherals_app.axf]</title></head>
<body><HR>
<H1>Static Call Graph for image .\Objects\peripherals_app.axf</H1><HR>
<BR><P>#&#060CALLGRAPH&#062# ARM Linker, 5060750: Last Updated: Thu Feb 09 15:47:26 2023
<BR><P>
<H3>Maximum Stack Usage =         48 bytes + Unknown(Cycles, Untraceable Function Pointers)</H3><H3>
Call chain for Maximum Stack Depth:</H3>
main &rArr; app_call_if &rArr; led_app &rArr; GPIO_Init
<P>
<H3>
Mutually Recursive functions
</H3> <LI><a href="#[a]">SysTick_Handler</a>&nbsp;&nbsp;&nbsp;&rArr;&nbsp;&nbsp;&nbsp;<a href="#[a]">SysTick_Handler</a><BR>
 <LI><a href="#[b]">Interrupt0_Handler</a>&nbsp;&nbsp;&nbsp;&rArr;&nbsp;&nbsp;&nbsp;<a href="#[b]">Interrupt0_Handler</a><BR>
 <LI><a href="#[c]">Interrupt1_Handler</a>&nbsp;&nbsp;&nbsp;&rArr;&nbsp;&nbsp;&nbsp;<a href="#[c]">Interrupt1_Handler</a><BR>
 <LI><a href="#[d]">Interrupt2_Handler</a>&nbsp;&nbsp;&nbsp;&rArr;&nbsp;&nbsp;&nbsp;<a href="#[d]">Interrupt2_Handler</a><BR>
 <LI><a href="#[e]">Interrupt3_Handler</a>&nbsp;&nbsp;&nbsp;&rArr;&nbsp;&nbsp;&nbsp;<a href="#[e]">Interrupt3_Handler</a><BR>
 <LI><a href="#[f]">Interrupt4_Handler</a>&nbsp;&nbsp;&nbsp;&rArr;&nbsp;&nbsp;&nbsp;<a href="#[f]">Interrupt4_Handler</a><BR>
 <LI><a href="#[10]">Interrupt5_Handler</a>&nbsp;&nbsp;&nbsp;&rArr;&nbsp;&nbsp;&nbsp;<a href="#[10]">Interrupt5_Handler</a><BR>
 <LI><a href="#[11]">Interrupt6_Handler</a>&nbsp;&nbsp;&nbsp;&rArr;&nbsp;&nbsp;&nbsp;<a href="#[11]">Interrupt6_Handler</a><BR>
 <LI><a href="#[12]">Interrupt7_Handler</a>&nbsp;&nbsp;&nbsp;&rArr;&nbsp;&nbsp;&nbsp;<a href="#[12]">Interrupt7_Handler</a><BR>
 <LI><a href="#[13]">Interrupt8_Handler</a>&nbsp;&nbsp;&nbsp;&rArr;&nbsp;&nbsp;&nbsp;<a href="#[13]">Interrupt8_Handler</a><BR>
 <LI><a href="#[14]">Interrupt9_Handler</a>&nbsp;&nbsp;&nbsp;&rArr;&nbsp;&nbsp;&nbsp;<a href="#[14]">Interrupt9_Handler</a><BR>
 <LI><a href="#[1b]">UART_SendChar</a>&nbsp;&nbsp;&nbsp;&rArr;&nbsp;&nbsp;&nbsp;<a href="#[1b]">UART_SendChar</a><BR>
 <LI><a href="#[3]">HardFault_Handler</a>&nbsp;&nbsp;&nbsp;&rArr;&nbsp;&nbsp;&nbsp;<a href="#[3]">HardFault_Handler</a><BR>
 <LI><a href="#[4]">MemManage_Handler</a>&nbsp;&nbsp;&nbsp;&rArr;&nbsp;&nbsp;&nbsp;<a href="#[4]">MemManage_Handler</a><BR>
 <LI><a href="#[5]">BusFault_Handler</a>&nbsp;&nbsp;&nbsp;&rArr;&nbsp;&nbsp;&nbsp;<a href="#[5]">BusFault_Handler</a><BR>
 <LI><a href="#[6]">UsageFault_Handler</a>&nbsp;&nbsp;&nbsp;&rArr;&nbsp;&nbsp;&nbsp;<a href="#[6]">UsageFault_Handler</a><BR>
</UL>
<P>
<H3>
Function Pointers
</H3><UL>
 <LI><a href="#[5]">BusFault_Handler</a> from fiti_m4_it.o(.text) referenced from startup_fiti_cm4.o(RESET)
 <LI><a href="#[8]">DebugMon_Handler</a> from fiti_m4_it.o(.text) referenced from startup_fiti_cm4.o(RESET)
 <LI><a href="#[3]">HardFault_Handler</a> from fiti_m4_it.o(.text) referenced from startup_fiti_cm4.o(RESET)
 <LI><a href="#[b]">Interrupt0_Handler</a> from startup_fiti_cm4.o(.text) referenced from startup_fiti_cm4.o(RESET)
 <LI><a href="#[c]">Interrupt1_Handler</a> from startup_fiti_cm4.o(.text) referenced from startup_fiti_cm4.o(RESET)
 <LI><a href="#[d]">Interrupt2_Handler</a> from startup_fiti_cm4.o(.text) referenced from startup_fiti_cm4.o(RESET)
 <LI><a href="#[e]">Interrupt3_Handler</a> from startup_fiti_cm4.o(.text) referenced from startup_fiti_cm4.o(RESET)
 <LI><a href="#[f]">Interrupt4_Handler</a> from startup_fiti_cm4.o(.text) referenced from startup_fiti_cm4.o(RESET)
 <LI><a href="#[10]">Interrupt5_Handler</a> from startup_fiti_cm4.o(.text) referenced from startup_fiti_cm4.o(RESET)
 <LI><a href="#[11]">Interrupt6_Handler</a> from startup_fiti_cm4.o(.text) referenced from startup_fiti_cm4.o(RESET)
 <LI><a href="#[12]">Interrupt7_Handler</a> from startup_fiti_cm4.o(.text) referenced from startup_fiti_cm4.o(RESET)
 <LI><a href="#[13]">Interrupt8_Handler</a> from startup_fiti_cm4.o(.text) referenced from startup_fiti_cm4.o(RESET)
 <LI><a href="#[14]">Interrupt9_Handler</a> from startup_fiti_cm4.o(.text) referenced from startup_fiti_cm4.o(RESET)
 <LI><a href="#[4]">MemManage_Handler</a> from fiti_m4_it.o(.text) referenced from startup_fiti_cm4.o(RESET)
 <LI><a href="#[2]">NMI_Handler</a> from fiti_m4_it.o(.text) referenced from startup_fiti_cm4.o(RESET)
 <LI><a href="#[9]">PendSV_Handler</a> from fiti_m4_it.o(.text) referenced from startup_fiti_cm4.o(RESET)
 <LI><a href="#[1]">Reset_Handler</a> from startup_fiti_cm4.o(.text) referenced from startup_fiti_cm4.o(RESET)
 <LI><a href="#[7]">SVC_Handler</a> from fiti_m4_it.o(.text) referenced from startup_fiti_cm4.o(RESET)
 <LI><a href="#[a]">SysTick_Handler</a> from startup_fiti_cm4.o(.text) referenced from startup_fiti_cm4.o(RESET)
 <LI><a href="#[16]">SystemInit</a> from system_fiti_m4.o(.text) referenced from startup_fiti_cm4.o(.text)
 <LI><a href="#[6]">UsageFault_Handler</a> from fiti_m4_it.o(.text) referenced from startup_fiti_cm4.o(RESET)
 <LI><a href="#[17]">__main</a> from entry.o(.ARM.Collect$$$$00000000) referenced from startup_fiti_cm4.o(.text)
 <LI><a href="#[18]">fputc</a> from retarget.o(.text) referenced from printfb.o(i.__0printf$bare)
 <LI><a href="#[15]">main</a> from main.o(.text) referenced from entry9a.o(.ARM.Collect$$$$0000000B)
</UL>
<P>
<H3>
Global Symbols
</H3>
<P><STRONG><a name="[17]"></a>__main</STRONG> (Thumb, 0 bytes, Stack size unknown bytes, entry.o(.ARM.Collect$$$$00000000))
<BR>[Address Reference Count : 1]<UL><LI> startup_fiti_cm4.o(.text)
</UL>
<P><STRONG><a name="[2a]"></a>_main_stk</STRONG> (Thumb, 0 bytes, Stack size unknown bytes, entry2.o(.ARM.Collect$$$$00000001))

<P><STRONG><a name="[19]"></a>_main_scatterload</STRONG> (Thumb, 0 bytes, Stack size unknown bytes, entry5.o(.ARM.Collect$$$$00000004))
<BR><BR>[Calls]<UL><LI><a href="#[1a]">&gt;&gt;</a>&nbsp;&nbsp;&nbsp;__scatterload
</UL>

<P><STRONG><a name="[27]"></a>__main_after_scatterload</STRONG> (Thumb, 0 bytes, Stack size unknown bytes, entry5.o(.ARM.Collect$$$$00000004))
<BR><BR>[Called By]<UL><LI><a href="#[1a]">&gt;&gt;</a>&nbsp;&nbsp;&nbsp;__scatterload
</UL>

<P><STRONG><a name="[2b]"></a>_main_clock</STRONG> (Thumb, 0 bytes, Stack size unknown bytes, entry7b.o(.ARM.Collect$$$$00000008))

<P><STRONG><a name="[2c]"></a>_main_cpp_init</STRONG> (Thumb, 0 bytes, Stack size unknown bytes, entry8b.o(.ARM.Collect$$$$0000000A))

<P><STRONG><a name="[2d]"></a>_main_init</STRONG> (Thumb, 0 bytes, Stack size unknown bytes, entry9a.o(.ARM.Collect$$$$0000000B))

<P><STRONG><a name="[2e]"></a>__rt_final_cpp</STRONG> (Thumb, 0 bytes, Stack size unknown bytes, entry10a.o(.ARM.Collect$$$$0000000D))

<P><STRONG><a name="[2f]"></a>__rt_final_exit</STRONG> (Thumb, 0 bytes, Stack size unknown bytes, entry11a.o(.ARM.Collect$$$$0000000F))

<P><STRONG><a name="[1]"></a>Reset_Handler</STRONG> (Thumb, 8 bytes, Stack size 0 bytes, startup_fiti_cm4.o(.text))
<BR>[Address Reference Count : 1]<UL><LI> startup_fiti_cm4.o(RESET)
</UL>
<P><STRONG><a name="[a]"></a>SysTick_Handler</STRONG> (Thumb, 2 bytes, Stack size 0 bytes, startup_fiti_cm4.o(.text))
<BR><BR>[Calls]<UL><LI><a href="#[a]">&gt;&gt;</a>&nbsp;&nbsp;&nbsp;SysTick_Handler
</UL>
<BR>[Called By]<UL><LI><a href="#[a]">&gt;&gt;</a>&nbsp;&nbsp;&nbsp;SysTick_Handler
</UL>
<BR>[Address Reference Count : 1]<UL><LI> startup_fiti_cm4.o(RESET)
</UL>
<P><STRONG><a name="[b]"></a>Interrupt0_Handler</STRONG> (Thumb, 2 bytes, Stack size 0 bytes, startup_fiti_cm4.o(.text))
<BR><BR>[Calls]<UL><LI><a href="#[b]">&gt;&gt;</a>&nbsp;&nbsp;&nbsp;Interrupt0_Handler
</UL>
<BR>[Called By]<UL><LI><a href="#[b]">&gt;&gt;</a>&nbsp;&nbsp;&nbsp;Interrupt0_Handler
</UL>
<BR>[Address Reference Count : 1]<UL><LI> startup_fiti_cm4.o(RESET)
</UL>
<P><STRONG><a name="[c]"></a>Interrupt1_Handler</STRONG> (Thumb, 2 bytes, Stack size 0 bytes, startup_fiti_cm4.o(.text))
<BR><BR>[Calls]<UL><LI><a href="#[c]">&gt;&gt;</a>&nbsp;&nbsp;&nbsp;Interrupt1_Handler
</UL>
<BR>[Called By]<UL><LI><a href="#[c]">&gt;&gt;</a>&nbsp;&nbsp;&nbsp;Interrupt1_Handler
</UL>
<BR>[Address Reference Count : 1]<UL><LI> startup_fiti_cm4.o(RESET)
</UL>
<P><STRONG><a name="[d]"></a>Interrupt2_Handler</STRONG> (Thumb, 2 bytes, Stack size 0 bytes, startup_fiti_cm4.o(.text))
<BR><BR>[Calls]<UL><LI><a href="#[d]">&gt;&gt;</a>&nbsp;&nbsp;&nbsp;Interrupt2_Handler
</UL>
<BR>[Called By]<UL><LI><a href="#[d]">&gt;&gt;</a>&nbsp;&nbsp;&nbsp;Interrupt2_Handler
</UL>
<BR>[Address Reference Count : 1]<UL><LI> startup_fiti_cm4.o(RESET)
</UL>
<P><STRONG><a name="[e]"></a>Interrupt3_Handler</STRONG> (Thumb, 2 bytes, Stack size 0 bytes, startup_fiti_cm4.o(.text))
<BR><BR>[Calls]<UL><LI><a href="#[e]">&gt;&gt;</a>&nbsp;&nbsp;&nbsp;Interrupt3_Handler
</UL>
<BR>[Called By]<UL><LI><a href="#[e]">&gt;&gt;</a>&nbsp;&nbsp;&nbsp;Interrupt3_Handler
</UL>
<BR>[Address Reference Count : 1]<UL><LI> startup_fiti_cm4.o(RESET)
</UL>
<P><STRONG><a name="[f]"></a>Interrupt4_Handler</STRONG> (Thumb, 2 bytes, Stack size 0 bytes, startup_fiti_cm4.o(.text))
<BR><BR>[Calls]<UL><LI><a href="#[f]">&gt;&gt;</a>&nbsp;&nbsp;&nbsp;Interrupt4_Handler
</UL>
<BR>[Called By]<UL><LI><a href="#[f]">&gt;&gt;</a>&nbsp;&nbsp;&nbsp;Interrupt4_Handler
</UL>
<BR>[Address Reference Count : 1]<UL><LI> startup_fiti_cm4.o(RESET)
</UL>
<P><STRONG><a name="[10]"></a>Interrupt5_Handler</STRONG> (Thumb, 2 bytes, Stack size 0 bytes, startup_fiti_cm4.o(.text))
<BR><BR>[Calls]<UL><LI><a href="#[10]">&gt;&gt;</a>&nbsp;&nbsp;&nbsp;Interrupt5_Handler
</UL>
<BR>[Called By]<UL><LI><a href="#[10]">&gt;&gt;</a>&nbsp;&nbsp;&nbsp;Interrupt5_Handler
</UL>
<BR>[Address Reference Count : 1]<UL><LI> startup_fiti_cm4.o(RESET)
</UL>
<P><STRONG><a name="[11]"></a>Interrupt6_Handler</STRONG> (Thumb, 2 bytes, Stack size 0 bytes, startup_fiti_cm4.o(.text))
<BR><BR>[Calls]<UL><LI><a href="#[11]">&gt;&gt;</a>&nbsp;&nbsp;&nbsp;Interrupt6_Handler
</UL>
<BR>[Called By]<UL><LI><a href="#[11]">&gt;&gt;</a>&nbsp;&nbsp;&nbsp;Interrupt6_Handler
</UL>
<BR>[Address Reference Count : 1]<UL><LI> startup_fiti_cm4.o(RESET)
</UL>
<P><STRONG><a name="[12]"></a>Interrupt7_Handler</STRONG> (Thumb, 2 bytes, Stack size 0 bytes, startup_fiti_cm4.o(.text))
<BR><BR>[Calls]<UL><LI><a href="#[12]">&gt;&gt;</a>&nbsp;&nbsp;&nbsp;Interrupt7_Handler
</UL>
<BR>[Called By]<UL><LI><a href="#[12]">&gt;&gt;</a>&nbsp;&nbsp;&nbsp;Interrupt7_Handler
</UL>
<BR>[Address Reference Count : 1]<UL><LI> startup_fiti_cm4.o(RESET)
</UL>
<P><STRONG><a name="[13]"></a>Interrupt8_Handler</STRONG> (Thumb, 2 bytes, Stack size 0 bytes, startup_fiti_cm4.o(.text))
<BR><BR>[Calls]<UL><LI><a href="#[13]">&gt;&gt;</a>&nbsp;&nbsp;&nbsp;Interrupt8_Handler
</UL>
<BR>[Called By]<UL><LI><a href="#[13]">&gt;&gt;</a>&nbsp;&nbsp;&nbsp;Interrupt8_Handler
</UL>
<BR>[Address Reference Count : 1]<UL><LI> startup_fiti_cm4.o(RESET)
</UL>
<P><STRONG><a name="[14]"></a>Interrupt9_Handler</STRONG> (Thumb, 2 bytes, Stack size 0 bytes, startup_fiti_cm4.o(.text))
<BR><BR>[Calls]<UL><LI><a href="#[14]">&gt;&gt;</a>&nbsp;&nbsp;&nbsp;Interrupt9_Handler
</UL>
<BR>[Called By]<UL><LI><a href="#[14]">&gt;&gt;</a>&nbsp;&nbsp;&nbsp;Interrupt9_Handler
</UL>
<BR>[Address Reference Count : 1]<UL><LI> startup_fiti_cm4.o(RESET)
</UL>
<P><STRONG><a name="[30]"></a>SystemCoreClockUpdate</STRONG> (Thumb, 8 bytes, Stack size 0 bytes, system_fiti_m4.o(.text), UNUSED)

<P><STRONG><a name="[16]"></a>SystemInit</STRONG> (Thumb, 26 bytes, Stack size 0 bytes, system_fiti_m4.o(.text))
<BR><BR>[Called By]<UL><LI><a href="#[15]">&gt;&gt;</a>&nbsp;&nbsp;&nbsp;main
</UL>
<BR>[Address Reference Count : 1]<UL><LI> startup_fiti_cm4.o(.text)
</UL>
<P><STRONG><a name="[1e]"></a>GPIO_Init</STRONG> (Thumb, 180 bytes, Stack size 16 bytes, fiti_m4_gpio.o(.text))
<BR><BR>[Stack]<UL><LI>Max Depth = 16<LI>Call Chain = GPIO_Init
</UL>
<BR>[Called By]<UL><LI><a href="#[1d]">&gt;&gt;</a>&nbsp;&nbsp;&nbsp;led_app
</UL>

<P><STRONG><a name="[31]"></a>GPIO_SetOutEnable</STRONG> (Thumb, 8 bytes, Stack size 0 bytes, fiti_m4_gpio.o(.text), UNUSED)

<P><STRONG><a name="[32]"></a>GPIO_ClrOutEnable</STRONG> (Thumb, 4 bytes, Stack size 0 bytes, fiti_m4_gpio.o(.text), UNUSED)

<P><STRONG><a name="[33]"></a>GPIO_SetBit</STRONG> (Thumb, 8 bytes, Stack size 0 bytes, fiti_m4_gpio.o(.text), UNUSED)

<P><STRONG><a name="[34]"></a>GPIO_ResetBit</STRONG> (Thumb, 8 bytes, Stack size 0 bytes, fiti_m4_gpio.o(.text), UNUSED)

<P><STRONG><a name="[1f]"></a>GPIO_WriteBits</STRONG> (Thumb, 4 bytes, Stack size 0 bytes, fiti_m4_gpio.o(.text))
<BR><BR>[Called By]<UL><LI><a href="#[1d]">&gt;&gt;</a>&nbsp;&nbsp;&nbsp;led_app
</UL>

<P><STRONG><a name="[35]"></a>GPIO_ReadBits</STRONG> (Thumb, 4 bytes, Stack size 0 bytes, fiti_m4_gpio.o(.text), UNUSED)

<P><STRONG><a name="[36]"></a>GPIO_GetOutEnable</STRONG> (Thumb, 4 bytes, Stack size 0 bytes, fiti_m4_gpio.o(.text), UNUSED)

<P><STRONG><a name="[37]"></a>GPIO_SetAltFunc</STRONG> (Thumb, 8 bytes, Stack size 0 bytes, fiti_m4_gpio.o(.text), UNUSED)

<P><STRONG><a name="[38]"></a>GPIO_ClrAltFunc</STRONG> (Thumb, 4 bytes, Stack size 0 bytes, fiti_m4_gpio.o(.text), UNUSED)

<P><STRONG><a name="[39]"></a>GPIO_GetAltFunc</STRONG> (Thumb, 4 bytes, Stack size 0 bytes, fiti_m4_gpio.o(.text), UNUSED)

<P><STRONG><a name="[3a]"></a>GPIO_IntClear</STRONG> (Thumb, 8 bytes, Stack size 0 bytes, fiti_m4_gpio.o(.text), UNUSED)

<P><STRONG><a name="[3b]"></a>GPIO_GetIntStatus</STRONG> (Thumb, 4 bytes, Stack size 0 bytes, fiti_m4_gpio.o(.text), UNUSED)

<P><STRONG><a name="[3c]"></a>GPIO_SetIntEnable</STRONG> (Thumb, 10 bytes, Stack size 0 bytes, fiti_m4_gpio.o(.text), UNUSED)

<P><STRONG><a name="[3d]"></a>GPIO_ClrIntEnable</STRONG> (Thumb, 10 bytes, Stack size 0 bytes, fiti_m4_gpio.o(.text), UNUSED)

<P><STRONG><a name="[3e]"></a>GPIO_SetIntHighLevel</STRONG> (Thumb, 20 bytes, Stack size 0 bytes, fiti_m4_gpio.o(.text), UNUSED)

<P><STRONG><a name="[3f]"></a>GPIO_SetIntRisingEdge</STRONG> (Thumb, 20 bytes, Stack size 0 bytes, fiti_m4_gpio.o(.text), UNUSED)

<P><STRONG><a name="[40]"></a>GPIO_SetIntLowLevel</STRONG> (Thumb, 20 bytes, Stack size 0 bytes, fiti_m4_gpio.o(.text), UNUSED)

<P><STRONG><a name="[41]"></a>GPIO_SetIntFallingEdge</STRONG> (Thumb, 20 bytes, Stack size 0 bytes, fiti_m4_gpio.o(.text), UNUSED)

<P><STRONG><a name="[42]"></a>GPIO_MaskedWrite</STRONG> (Thumb, 26 bytes, Stack size 0 bytes, fiti_m4_gpio.o(.text), UNUSED)

<P><STRONG><a name="[23]"></a>UART_Init</STRONG> (Thumb, 108 bytes, Stack size 8 bytes, fiti_m4_uart.o(.text))
<BR><BR>[Stack]<UL><LI>Max Depth = 8<LI>Call Chain = UART_Init
</UL>
<BR>[Called By]<UL><LI><a href="#[20]">&gt;&gt;</a>&nbsp;&nbsp;&nbsp;UartInit
</UL>

<P><STRONG><a name="[43]"></a>UART_GetRxBufferFull</STRONG> (Thumb, 8 bytes, Stack size 0 bytes, fiti_m4_uart.o(.text), UNUSED)

<P><STRONG><a name="[44]"></a>UART_GetTxBufferFull</STRONG> (Thumb, 8 bytes, Stack size 0 bytes, fiti_m4_uart.o(.text), UNUSED)

<P><STRONG><a name="[45]"></a>UART_GetRxBufferOverrunStatus</STRONG> (Thumb, 8 bytes, Stack size 0 bytes, fiti_m4_uart.o(.text), UNUSED)

<P><STRONG><a name="[46]"></a>UART_GetTxBufferOverrunStatus</STRONG> (Thumb, 8 bytes, Stack size 0 bytes, fiti_m4_uart.o(.text), UNUSED)

<P><STRONG><a name="[47]"></a>UART_ClearRxBufferOverrunStatus</STRONG> (Thumb, 6 bytes, Stack size 0 bytes, fiti_m4_uart.o(.text), UNUSED)

<P><STRONG><a name="[48]"></a>UART_ClearTxBufferOverrunStatus</STRONG> (Thumb, 6 bytes, Stack size 0 bytes, fiti_m4_uart.o(.text), UNUSED)

<P><STRONG><a name="[1b]"></a>UART_SendChar</STRONG> (Thumb, 10 bytes, Stack size 0 bytes, fiti_m4_uart.o(.text))
<BR><BR>[Calls]<UL><LI><a href="#[1b]">&gt;&gt;</a>&nbsp;&nbsp;&nbsp;UART_SendChar
</UL>
<BR>[Called By]<UL><LI><a href="#[25]">&gt;&gt;</a>&nbsp;&nbsp;&nbsp;_ttywrch
<LI><a href="#[18]">&gt;&gt;</a>&nbsp;&nbsp;&nbsp;fputc
<LI><a href="#[1b]">&gt;&gt;</a>&nbsp;&nbsp;&nbsp;UART_SendChar
</UL>

<P><STRONG><a name="[49]"></a>UART_SendString</STRONG> (Thumb, 24 bytes, Stack size 8 bytes, fiti_m4_uart.o(.text), UNUSED)

<P><STRONG><a name="[1c]"></a>UART_ReceiveChar</STRONG> (Thumb, 12 bytes, Stack size 0 bytes, fiti_m4_uart.o(.text), UNUSED)
<BR><BR>[Calls]<UL><LI><a href="#[1c]">&gt;&gt;</a>&nbsp;&nbsp;&nbsp;UART_ReceiveChar
</UL>
<BR>[Called By]<UL><LI><a href="#[24]">&gt;&gt;</a>&nbsp;&nbsp;&nbsp;fgetc
<LI><a href="#[1c]">&gt;&gt;</a>&nbsp;&nbsp;&nbsp;UART_ReceiveChar
</UL>

<P><STRONG><a name="[4a]"></a>UART_GetBaudDivider</STRONG> (Thumb, 4 bytes, Stack size 0 bytes, fiti_m4_uart.o(.text), UNUSED)

<P><STRONG><a name="[4b]"></a>UART_GetTxIRQStatus</STRONG> (Thumb, 8 bytes, Stack size 0 bytes, fiti_m4_uart.o(.text), UNUSED)

<P><STRONG><a name="[4c]"></a>UART_GetRxIRQStatus</STRONG> (Thumb, 8 bytes, Stack size 0 bytes, fiti_m4_uart.o(.text), UNUSED)

<P><STRONG><a name="[4d]"></a>UART_ClearTxIRQ</STRONG> (Thumb, 6 bytes, Stack size 0 bytes, fiti_m4_uart.o(.text), UNUSED)

<P><STRONG><a name="[4e]"></a>UART_ClearRxIRQ</STRONG> (Thumb, 6 bytes, Stack size 0 bytes, fiti_m4_uart.o(.text), UNUSED)

<P><STRONG><a name="[4f]"></a>UART_GetTxOverrunIRQStatus</STRONG> (Thumb, 8 bytes, Stack size 0 bytes, fiti_m4_uart.o(.text), UNUSED)

<P><STRONG><a name="[50]"></a>UART_GetRxOverrunIRQStatus</STRONG> (Thumb, 8 bytes, Stack size 0 bytes, fiti_m4_uart.o(.text), UNUSED)

<P><STRONG><a name="[51]"></a>UART_ClearTxOverrunIRQ</STRONG> (Thumb, 6 bytes, Stack size 0 bytes, fiti_m4_uart.o(.text), UNUSED)

<P><STRONG><a name="[52]"></a>UART_ClearRxOverrunIRQ</STRONG> (Thumb, 6 bytes, Stack size 0 bytes, fiti_m4_uart.o(.text), UNUSED)

<P><STRONG><a name="[53]"></a>UART_SetHSTM</STRONG> (Thumb, 10 bytes, Stack size 0 bytes, fiti_m4_uart.o(.text), UNUSED)

<P><STRONG><a name="[54]"></a>UART_ClrHSTM</STRONG> (Thumb, 10 bytes, Stack size 0 bytes, fiti_m4_uart.o(.text), UNUSED)

<P><STRONG><a name="[1d]"></a>led_app</STRONG> (Thumb, 64 bytes, Stack size 16 bytes, app.o(.text))
<BR><BR>[Stack]<UL><LI>Max Depth = 32<LI>Call Chain = led_app &rArr; GPIO_Init
</UL>
<BR>[Calls]<UL><LI><a href="#[1f]">&gt;&gt;</a>&nbsp;&nbsp;&nbsp;GPIO_WriteBits
<LI><a href="#[1e]">&gt;&gt;</a>&nbsp;&nbsp;&nbsp;GPIO_Init
</UL>
<BR>[Called By]<UL><LI><a href="#[22]">&gt;&gt;</a>&nbsp;&nbsp;&nbsp;app_call_if
</UL>

<P><STRONG><a name="[15]"></a>main</STRONG> (Thumb, 52 bytes, Stack size 8 bytes, main.o(.text))
<BR><BR>[Stack]<UL><LI>Max Depth = 48<LI>Call Chain = main &rArr; app_call_if &rArr; led_app &rArr; GPIO_Init
</UL>
<BR>[Calls]<UL><LI><a href="#[22]">&gt;&gt;</a>&nbsp;&nbsp;&nbsp;app_call_if
<LI><a href="#[20]">&gt;&gt;</a>&nbsp;&nbsp;&nbsp;UartInit
<LI><a href="#[16]">&gt;&gt;</a>&nbsp;&nbsp;&nbsp;SystemInit
<LI><a href="#[21]">&gt;&gt;</a>&nbsp;&nbsp;&nbsp;__2printf
</UL>
<BR>[Address Reference Count : 1]<UL><LI> entry9a.o(.ARM.Collect$$$$0000000B)
</UL>
<P><STRONG><a name="[20]"></a>UartInit</STRONG> (Thumb, 48 bytes, Stack size 16 bytes, app_if.o(.text))
<BR><BR>[Stack]<UL><LI>Max Depth = 24<LI>Call Chain = UartInit &rArr; UART_Init
</UL>
<BR>[Calls]<UL><LI><a href="#[23]">&gt;&gt;</a>&nbsp;&nbsp;&nbsp;UART_Init
</UL>
<BR>[Called By]<UL><LI><a href="#[15]">&gt;&gt;</a>&nbsp;&nbsp;&nbsp;main
</UL>

<P><STRONG><a name="[22]"></a>app_call_if</STRONG> (Thumb, 16 bytes, Stack size 8 bytes, app_if.o(.text))
<BR><BR>[Stack]<UL><LI>Max Depth = 40<LI>Call Chain = app_call_if &rArr; led_app &rArr; GPIO_Init
</UL>
<BR>[Calls]<UL><LI><a href="#[1d]">&gt;&gt;</a>&nbsp;&nbsp;&nbsp;led_app
<LI><a href="#[21]">&gt;&gt;</a>&nbsp;&nbsp;&nbsp;__2printf
</UL>
<BR>[Called By]<UL><LI><a href="#[15]">&gt;&gt;</a>&nbsp;&nbsp;&nbsp;main
</UL>

<P><STRONG><a name="[18]"></a>fputc</STRONG> (Thumb, 26 bytes, Stack size 16 bytes, retarget.o(.text))
<BR><BR>[Stack]<UL><LI>Max Depth = 16<LI>Call Chain = fputc
</UL>
<BR>[Calls]<UL><LI><a href="#[1b]">&gt;&gt;</a>&nbsp;&nbsp;&nbsp;UART_SendChar
</UL>
<BR>[Address Reference Count : 1]<UL><LI> printfb.o(i.__0printf$bare)
</UL>
<P><STRONG><a name="[24]"></a>fgetc</STRONG> (Thumb, 14 bytes, Stack size 0 bytes, retarget.o(.text), UNUSED)
<BR><BR>[Calls]<UL><LI><a href="#[1c]">&gt;&gt;</a>&nbsp;&nbsp;&nbsp;UART_ReceiveChar
</UL>

<P><STRONG><a name="[25]"></a>_ttywrch</STRONG> (Thumb, 22 bytes, Stack size 8 bytes, retarget.o(.text), UNUSED)
<BR><BR>[Calls]<UL><LI><a href="#[1b]">&gt;&gt;</a>&nbsp;&nbsp;&nbsp;UART_SendChar
</UL>

<P><STRONG><a name="[55]"></a>_ferror</STRONG> (Thumb, 6 bytes, Stack size 0 bytes, retarget.o(.text), UNUSED)

<P><STRONG><a name="[26]"></a>_sys_exit</STRONG> (Thumb, 2 bytes, Stack size 0 bytes, retarget.o(.text), UNUSED)
<BR><BR>[Calls]<UL><LI><a href="#[26]">&gt;&gt;</a>&nbsp;&nbsp;&nbsp;_sys_exit
</UL>
<BR>[Called By]<UL><LI><a href="#[26]">&gt;&gt;</a>&nbsp;&nbsp;&nbsp;_sys_exit
</UL>

<P><STRONG><a name="[2]"></a>NMI_Handler</STRONG> (Thumb, 2 bytes, Stack size 0 bytes, fiti_m4_it.o(.text))
<BR>[Address Reference Count : 1]<UL><LI> startup_fiti_cm4.o(RESET)
</UL>
<P><STRONG><a name="[3]"></a>HardFault_Handler</STRONG> (Thumb, 2 bytes, Stack size 0 bytes, fiti_m4_it.o(.text))
<BR><BR>[Calls]<UL><LI><a href="#[3]">&gt;&gt;</a>&nbsp;&nbsp;&nbsp;HardFault_Handler
</UL>
<BR>[Called By]<UL><LI><a href="#[3]">&gt;&gt;</a>&nbsp;&nbsp;&nbsp;HardFault_Handler
</UL>
<BR>[Address Reference Count : 1]<UL><LI> startup_fiti_cm4.o(RESET)
</UL>
<P><STRONG><a name="[4]"></a>MemManage_Handler</STRONG> (Thumb, 2 bytes, Stack size 0 bytes, fiti_m4_it.o(.text))
<BR><BR>[Calls]<UL><LI><a href="#[4]">&gt;&gt;</a>&nbsp;&nbsp;&nbsp;MemManage_Handler
</UL>
<BR>[Called By]<UL><LI><a href="#[4]">&gt;&gt;</a>&nbsp;&nbsp;&nbsp;MemManage_Handler
</UL>
<BR>[Address Reference Count : 1]<UL><LI> startup_fiti_cm4.o(RESET)
</UL>
<P><STRONG><a name="[5]"></a>BusFault_Handler</STRONG> (Thumb, 2 bytes, Stack size 0 bytes, fiti_m4_it.o(.text))
<BR><BR>[Calls]<UL><LI><a href="#[5]">&gt;&gt;</a>&nbsp;&nbsp;&nbsp;BusFault_Handler
</UL>
<BR>[Called By]<UL><LI><a href="#[5]">&gt;&gt;</a>&nbsp;&nbsp;&nbsp;BusFault_Handler
</UL>
<BR>[Address Reference Count : 1]<UL><LI> startup_fiti_cm4.o(RESET)
</UL>
<P><STRONG><a name="[6]"></a>UsageFault_Handler</STRONG> (Thumb, 2 bytes, Stack size 0 bytes, fiti_m4_it.o(.text))
<BR><BR>[Calls]<UL><LI><a href="#[6]">&gt;&gt;</a>&nbsp;&nbsp;&nbsp;UsageFault_Handler
</UL>
<BR>[Called By]<UL><LI><a href="#[6]">&gt;&gt;</a>&nbsp;&nbsp;&nbsp;UsageFault_Handler
</UL>
<BR>[Address Reference Count : 1]<UL><LI> startup_fiti_cm4.o(RESET)
</UL>
<P><STRONG><a name="[7]"></a>SVC_Handler</STRONG> (Thumb, 2 bytes, Stack size 0 bytes, fiti_m4_it.o(.text))
<BR>[Address Reference Count : 1]<UL><LI> startup_fiti_cm4.o(RESET)
</UL>
<P><STRONG><a name="[8]"></a>DebugMon_Handler</STRONG> (Thumb, 2 bytes, Stack size 0 bytes, fiti_m4_it.o(.text))
<BR>[Address Reference Count : 1]<UL><LI> startup_fiti_cm4.o(RESET)
</UL>
<P><STRONG><a name="[9]"></a>PendSV_Handler</STRONG> (Thumb, 2 bytes, Stack size 0 bytes, fiti_m4_it.o(.text))
<BR>[Address Reference Count : 1]<UL><LI> startup_fiti_cm4.o(RESET)
</UL>
<P><STRONG><a name="[56]"></a>UART1_Handler</STRONG> (Thumb, 2 bytes, Stack size 0 bytes, fiti_m4_it.o(.text), UNUSED)

<P><STRONG><a name="[57]"></a>TIMER1_Handler</STRONG> (Thumb, 2 bytes, Stack size 0 bytes, fiti_m4_it.o(.text), UNUSED)

<P><STRONG><a name="[58]"></a>GPIO0_Handler</STRONG> (Thumb, 2 bytes, Stack size 0 bytes, fiti_m4_it.o(.text), UNUSED)

<P><STRONG><a name="[59]"></a>GPIO0_0_Handler</STRONG> (Thumb, 2 bytes, Stack size 0 bytes, fiti_m4_it.o(.text), UNUSED)

<P><STRONG><a name="[5a]"></a>GPIO0_1_Handler</STRONG> (Thumb, 2 bytes, Stack size 0 bytes, fiti_m4_it.o(.text), UNUSED)

<P><STRONG><a name="[5b]"></a>GPIO0_2_Handler</STRONG> (Thumb, 2 bytes, Stack size 0 bytes, fiti_m4_it.o(.text), UNUSED)

<P><STRONG><a name="[5c]"></a>GPIO0_3_Handler</STRONG> (Thumb, 2 bytes, Stack size 0 bytes, fiti_m4_it.o(.text), UNUSED)

<P><STRONG><a name="[5d]"></a>GPIO0_4_Handler</STRONG> (Thumb, 2 bytes, Stack size 0 bytes, fiti_m4_it.o(.text), UNUSED)

<P><STRONG><a name="[5e]"></a>GPIO0_5_Handler</STRONG> (Thumb, 2 bytes, Stack size 0 bytes, fiti_m4_it.o(.text), UNUSED)

<P><STRONG><a name="[5f]"></a>GPIO0_6_Handler</STRONG> (Thumb, 2 bytes, Stack size 0 bytes, fiti_m4_it.o(.text), UNUSED)

<P><STRONG><a name="[60]"></a>GPIO0_7_Handler</STRONG> (Thumb, 2 bytes, Stack size 0 bytes, fiti_m4_it.o(.text), UNUSED)

<P><STRONG><a name="[61]"></a>GPIO0_8_Handler</STRONG> (Thumb, 2 bytes, Stack size 0 bytes, fiti_m4_it.o(.text), UNUSED)

<P><STRONG><a name="[62]"></a>GPIO0_9_Handler</STRONG> (Thumb, 2 bytes, Stack size 0 bytes, fiti_m4_it.o(.text), UNUSED)

<P><STRONG><a name="[63]"></a>GPIO0_10_Handler</STRONG> (Thumb, 2 bytes, Stack size 0 bytes, fiti_m4_it.o(.text), UNUSED)

<P><STRONG><a name="[64]"></a>GPIO0_11_Handler</STRONG> (Thumb, 2 bytes, Stack size 0 bytes, fiti_m4_it.o(.text), UNUSED)

<P><STRONG><a name="[65]"></a>GPIO0_12_Handler</STRONG> (Thumb, 2 bytes, Stack size 0 bytes, fiti_m4_it.o(.text), UNUSED)

<P><STRONG><a name="[66]"></a>GPIO0_13_Handler</STRONG> (Thumb, 2 bytes, Stack size 0 bytes, fiti_m4_it.o(.text), UNUSED)

<P><STRONG><a name="[67]"></a>GPIO0_14_Handler</STRONG> (Thumb, 2 bytes, Stack size 0 bytes, fiti_m4_it.o(.text), UNUSED)

<P><STRONG><a name="[68]"></a>GPIO0_15_Handler</STRONG> (Thumb, 2 bytes, Stack size 0 bytes, fiti_m4_it.o(.text), UNUSED)

<P><STRONG><a name="[69]"></a>USER_INT0_Handler</STRONG> (Thumb, 2 bytes, Stack size 0 bytes, fiti_m4_it.o(.text), UNUSED)

<P><STRONG><a name="[6a]"></a>USER_INT1_Handler</STRONG> (Thumb, 2 bytes, Stack size 0 bytes, fiti_m4_it.o(.text), UNUSED)

<P><STRONG><a name="[6b]"></a>USER_INT2_Handler</STRONG> (Thumb, 2 bytes, Stack size 0 bytes, fiti_m4_it.o(.text), UNUSED)

<P><STRONG><a name="[6c]"></a>USER_INT3_Handler</STRONG> (Thumb, 2 bytes, Stack size 0 bytes, fiti_m4_it.o(.text), UNUSED)

<P><STRONG><a name="[6d]"></a>USER_INT4_Handler</STRONG> (Thumb, 2 bytes, Stack size 0 bytes, fiti_m4_it.o(.text), UNUSED)

<P><STRONG><a name="[6e]"></a>USER_INT5_Handler</STRONG> (Thumb, 2 bytes, Stack size 0 bytes, fiti_m4_it.o(.text), UNUSED)

<P><STRONG><a name="[6f]"></a>USER_INT6_Handler</STRONG> (Thumb, 2 bytes, Stack size 0 bytes, fiti_m4_it.o(.text), UNUSED)

<P><STRONG><a name="[70]"></a>USER_INT7_Handler</STRONG> (Thumb, 2 bytes, Stack size 0 bytes, fiti_m4_it.o(.text), UNUSED)

<P><STRONG><a name="[71]"></a>USER_INT8_Handler</STRONG> (Thumb, 2 bytes, Stack size 0 bytes, fiti_m4_it.o(.text), UNUSED)

<P><STRONG><a name="[72]"></a>USER_INT9_Handler</STRONG> (Thumb, 2 bytes, Stack size 0 bytes, fiti_m4_it.o(.text), UNUSED)

<P><STRONG><a name="[73]"></a>USER_INT10_Handler</STRONG> (Thumb, 2 bytes, Stack size 0 bytes, fiti_m4_it.o(.text), UNUSED)

<P><STRONG><a name="[74]"></a>USER_INT11_Handler</STRONG> (Thumb, 2 bytes, Stack size 0 bytes, fiti_m4_it.o(.text), UNUSED)

<P><STRONG><a name="[75]"></a>USER_INT12_Handler</STRONG> (Thumb, 2 bytes, Stack size 0 bytes, fiti_m4_it.o(.text), UNUSED)

<P><STRONG><a name="[76]"></a>USER_INT13_Handler</STRONG> (Thumb, 2 bytes, Stack size 0 bytes, fiti_m4_it.o(.text), UNUSED)

<P><STRONG><a name="[77]"></a>USER_INT14_Handler</STRONG> (Thumb, 2 bytes, Stack size 0 bytes, fiti_m4_it.o(.text), UNUSED)

<P><STRONG><a name="[78]"></a>USER_INT15_Handler</STRONG> (Thumb, 2 bytes, Stack size 0 bytes, fiti_m4_it.o(.text), UNUSED)

<P><STRONG><a name="[1a]"></a>__scatterload</STRONG> (Thumb, 28 bytes, Stack size 0 bytes, init.o(.text))
<BR><BR>[Calls]<UL><LI><a href="#[27]">&gt;&gt;</a>&nbsp;&nbsp;&nbsp;__main_after_scatterload
</UL>
<BR>[Called By]<UL><LI><a href="#[19]">&gt;&gt;</a>&nbsp;&nbsp;&nbsp;_main_scatterload
</UL>

<P><STRONG><a name="[79]"></a>__scatterload_rt2</STRONG> (Thumb, 0 bytes, Stack size 0 bytes, init.o(.text), UNUSED)

<P><STRONG><a name="[28]"></a>__0printf$bare</STRONG> (Thumb, 8 bytes, Stack size 0 bytes, printfb.o(i.__0printf$bare), UNUSED)
<BR><BR>[Calls]<UL><LI><a href="#[29]">&gt;&gt;</a>&nbsp;&nbsp;&nbsp;_printf_core
</UL>

<P><STRONG><a name="[7a]"></a>__1printf$bare</STRONG> (Thumb, 0 bytes, Stack size 0 bytes, printfb.o(i.__0printf$bare), UNUSED)

<P><STRONG><a name="[21]"></a>__2printf</STRONG> (Thumb, 0 bytes, Stack size 0 bytes, printfb.o(i.__0printf$bare))
<BR><BR>[Called By]<UL><LI><a href="#[22]">&gt;&gt;</a>&nbsp;&nbsp;&nbsp;app_call_if
<LI><a href="#[15]">&gt;&gt;</a>&nbsp;&nbsp;&nbsp;main
</UL>

<P><STRONG><a name="[7b]"></a>__scatterload_copy</STRONG> (Thumb, 14 bytes, Stack size unknown bytes, handlers.o(i.__scatterload_copy), UNUSED)

<P><STRONG><a name="[7c]"></a>__scatterload_null</STRONG> (Thumb, 2 bytes, Stack size unknown bytes, handlers.o(i.__scatterload_null), UNUSED)

<P><STRONG><a name="[7d]"></a>__scatterload_zeroinit</STRONG> (Thumb, 14 bytes, Stack size unknown bytes, handlers.o(i.__scatterload_zeroinit), UNUSED)
<P>
<H3>
Local Symbols
</H3>
<P><STRONG><a name="[29]"></a>_printf_core</STRONG> (Thumb, 34 bytes, Stack size 24 bytes, printfb.o(i._printf_core), UNUSED)
<BR><BR>[Called By]<UL><LI><a href="#[28]">&gt;&gt;</a>&nbsp;&nbsp;&nbsp;__0printf$bare
</UL>
<P>
<H3>
Undefined Global Symbols
</H3><HR></body></html>
